Archive member included to satisfy reference by file (symbol)

.build/obj_sofle_rev1_EGF2/serial_protocol.a(serial_protocol.o)
                              .build/obj_sofle_rev1_EGF2/quantum/split_common/transport.o (symbol from plugin) (soft_serial_target_init)
.build/obj_sofle_rev1_EGF2/serial_vendor.a(serial_vendor.o)
                              .build/obj_sofle_rev1_EGF2/serial_protocol.a(serial_protocol.o) (serial_transport_driver_clear)
.build/obj_sofle_rev1_EGF2/i2c_master.a(i2c_master.o)
                              .build/obj_sofle_rev1_EGF2/ssd1306_sh1106.o (symbol from plugin) (i2c_init)
/usr/lib/gcc/arm-none-eabi/8.3.1/thumb/v6-m/nofp/libgcc.a(_dvmd_tls.o)
                              .build/obj_sofle_rev1/./lib/pico-sdk/src/rp2_common/pico_divider/divider.o (__aeabi_idiv0)
/usr/lib/gcc/arm-none-eabi/8.3.1/thumb/v6-m/nofp/libgcc.a(_fixunssfsi.o)
                              .build/obj_sofle_rev1_EGF2/serial_vendor.a(serial_vendor.o) (__aeabi_f2uiz)
/usr/lib/gcc/arm-none-eabi/8.3.1/thumb/v6-m/nofp/libgcc.a(divsf3.o)
                              .build/obj_sofle_rev1_EGF2/serial_vendor.a(serial_vendor.o) (__aeabi_fdiv)
/usr/lib/gcc/arm-none-eabi/8.3.1/thumb/v6-m/nofp/libgcc.a(mulsf3.o)
                              .build/obj_sofle_rev1_EGF2/serial_vendor.a(serial_vendor.o) (__aeabi_fmul)
/usr/lib/gcc/arm-none-eabi/8.3.1/thumb/v6-m/nofp/libgcc.a(subsf3.o)
                              .build/obj_sofle_rev1_EGF2/serial_vendor.a(serial_vendor.o) (__aeabi_fsub)
/usr/lib/gcc/arm-none-eabi/8.3.1/thumb/v6-m/nofp/libgcc.a(fixsfsi.o)
                              /usr/lib/gcc/arm-none-eabi/8.3.1/thumb/v6-m/nofp/libgcc.a(_fixunssfsi.o) (__aeabi_f2iz)
/usr/lib/gcc/arm-none-eabi/8.3.1/thumb/v6-m/nofp/libgcc.a(floatunsisf.o)
                              .build/obj_sofle_rev1_EGF2/serial_vendor.a(serial_vendor.o) (__aeabi_ui2f)
/usr/lib/gcc/arm-none-eabi/8.3.1/thumb/v6-m/nofp/libgcc.a(_arm_cmpsf2.o)
                              /usr/lib/gcc/arm-none-eabi/8.3.1/thumb/v6-m/nofp/libgcc.a(_fixunssfsi.o) (__aeabi_fcmpge)
/usr/lib/gcc/arm-none-eabi/8.3.1/thumb/v6-m/nofp/libgcc.a(_clzsi2.o)
                              /usr/lib/gcc/arm-none-eabi/8.3.1/thumb/v6-m/nofp/libgcc.a(divsf3.o) (__clzsi2)
/usr/lib/gcc/arm-none-eabi/8.3.1/thumb/v6-m/nofp/libgcc.a(eqsf2.o)
                              /usr/lib/gcc/arm-none-eabi/8.3.1/thumb/v6-m/nofp/libgcc.a(_arm_cmpsf2.o) (__eqsf2)
/usr/lib/gcc/arm-none-eabi/8.3.1/thumb/v6-m/nofp/libgcc.a(gesf2.o)
                              /usr/lib/gcc/arm-none-eabi/8.3.1/thumb/v6-m/nofp/libgcc.a(_arm_cmpsf2.o) (__gesf2)
/usr/lib/gcc/arm-none-eabi/8.3.1/thumb/v6-m/nofp/libgcc.a(lesf2.o)
                              /usr/lib/gcc/arm-none-eabi/8.3.1/thumb/v6-m/nofp/libgcc.a(_arm_cmpsf2.o) (__lesf2)
/usr/lib/gcc/arm-none-eabi/8.3.1/../../../arm-none-eabi/lib/thumb/v6-m/nofp/libg_nano.a(lib_a-ctype_.o)
                              .build/obj_sofle_rev1_EGF2/quantum/send_string/send_string.o (symbol from plugin) (_ctype_)
/usr/lib/gcc/arm-none-eabi/8.3.1/../../../arm-none-eabi/lib/thumb/v6-m/nofp/libg_nano.a(lib_a-errno.o)
                              .build/obj_sofle_rev1/platforms/chibios/syscall-fallbacks.o (symbol from plugin) (__errno)
/usr/lib/gcc/arm-none-eabi/8.3.1/../../../arm-none-eabi/lib/thumb/v6-m/nofp/libg_nano.a(lib_a-impure.o)
                              /usr/lib/gcc/arm-none-eabi/8.3.1/../../../arm-none-eabi/lib/thumb/v6-m/nofp/libg_nano.a(lib_a-errno.o) (_impure_ptr)
/usr/lib/gcc/arm-none-eabi/8.3.1/../../../arm-none-eabi/lib/thumb/v6-m/nofp/libg_nano.a(lib_a-memcpy-stub.o)
                              .build/obj_sofle_rev1_EGF2/serial_vendor.a(serial_vendor.o) (memcpy)
/usr/lib/gcc/arm-none-eabi/8.3.1/../../../arm-none-eabi/lib/thumb/v6-m/nofp/libg_nano.a(lib_a-rand.o)
                              .build/obj_sofle_rev1_EGF2/quantum/rgblight/rgblight.o (symbol from plugin) (rand)
/usr/lib/gcc/arm-none-eabi/8.3.1/../../../arm-none-eabi/lib/thumb/v6-m/nofp/libg_nano.a(lib_a-assert.o)
                              /usr/lib/gcc/arm-none-eabi/8.3.1/../../../arm-none-eabi/lib/thumb/v6-m/nofp/libg_nano.a(lib_a-rand.o) (__assert_func)
/usr/lib/gcc/arm-none-eabi/8.3.1/../../../arm-none-eabi/lib/thumb/v6-m/nofp/libg_nano.a(lib_a-fprintf.o)
                              /usr/lib/gcc/arm-none-eabi/8.3.1/../../../arm-none-eabi/lib/thumb/v6-m/nofp/libg_nano.a(lib_a-assert.o) (fiprintf)
/usr/lib/gcc/arm-none-eabi/8.3.1/../../../arm-none-eabi/lib/thumb/v6-m/nofp/libg_nano.a(lib_a-malloc.o)
                              /usr/lib/gcc/arm-none-eabi/8.3.1/../../../arm-none-eabi/lib/thumb/v6-m/nofp/libg_nano.a(lib_a-rand.o) (malloc)
/usr/lib/gcc/arm-none-eabi/8.3.1/../../../arm-none-eabi/lib/thumb/v6-m/nofp/libg_nano.a(lib_a-nano-freer.o)
                              /usr/lib/gcc/arm-none-eabi/8.3.1/../../../arm-none-eabi/lib/thumb/v6-m/nofp/libg_nano.a(lib_a-malloc.o) (_free_r)
[...]
Memory Configuration

Name             Origin             Length             Attributes
flash0           0x0000000000000000 0x0000000000004000 xr
flash1           0x0000000010000000 0x0000000000200000 xr
flash2           0x0000000000000000 0x0000000000000000 xr
flash3           0x0000000000000000 0x0000000000000000 xr
flash4           0x0000000000000000 0x0000000000000000 xr
flash5           0x0000000000000000 0x0000000000000000 xr
flash6           0x0000000000000000 0x0000000000000000 xr
flash7           0x0000000000000000 0x0000000000000000 xr
ram0             0x0000000020000000 0x0000000000040000 xw
ram1             0x0000000000000000 0x0000000000040000 xw
ram2             0x0000000000000000 0x0000000000000000 xw
ram3             0x0000000000000000 0x0000000000000000 xw
ram4             0x0000000020040000 0x0000000000001000 xw
ram5             0x0000000020041000 0x0000000000001000 xw
ram6             0x0000000000000000 0x0000000000000000 xw
ram7             0x0000000020041f00 0x0000000000000100 xw
*default*        0x0000000000000000 0xffffffffffffffff

Linker script and memory map

LOAD .build/obj_sofle_rev1_EGF2/keyboards/sofle/sofle.o
LOAD /tmp/cc4Fj2P6debugobj
LOAD /tmp/ccxW9Zd7.ltrans0.ltrans.o
LOAD .build/obj_sofle_rev1_EGF2/keyboards/sofle/rev1/rev1.o
LOAD .build/obj_sofle_rev1_EGF2/.build/obj_sofle_rev1/src/default_keyboard.o
LOAD .build/obj_sofle_rev1_EGF2/quantum/keymap_introspection.o
LOAD .build/obj_sofle_rev1_EGF2/quantum/quantum.o
LOAD .build/obj_sofle_rev1_EGF2/quantum/bitwise.o
LOAD .build/obj_sofle_rev1_EGF2/quantum/led.o
LOAD .build/obj_sofle_rev1_EGF2/quantum/action.o
LOAD .build/obj_sofle_rev1_EGF2/quantum/action_layer.o
LOAD .build/obj_sofle_rev1_EGF2/quantum/action_tapping.o
LOAD .build/obj_sofle_rev1_EGF2/quantum/action_util.o
LOAD .build/obj_sofle_rev1_EGF2/quantum/eeconfig.o
LOAD .build/obj_sofle_rev1_EGF2/quantum/keyboard.o
LOAD .build/obj_sofle_rev1_EGF2/quantum/keymap_common.o
LOAD .build/obj_sofle_rev1_EGF2/quantum/keycode_config.o
LOAD .build/obj_sofle_rev1_EGF2/quantum/sync_timer.o
LOAD .build/obj_sofle_rev1_EGF2/quantum/logging/debug.o
LOAD .build/obj_sofle_rev1_EGF2/quantum/logging/sendchar.o
LOAD .build/obj_sofle_rev1_EGF2/quantum/logging/print.o
LOAD .build/obj_sofle_rev1_EGF2/quantum/bootmagic/magic.o
LOAD .build/obj_sofle_rev1_EGF2/quantum/matrix_common.o
LOAD .build/obj_sofle_rev1_EGF2/quantum/matrix.o
LOAD .build/obj_sofle_rev1_EGF2/quantum/debounce/sym_defer_g.o
LOAD .build/obj_sofle_rev1_EGF2/quantum/split_common/split_util.o
LOAD .build/obj_sofle_rev1_EGF2/quantum/split_common/transport.o
LOAD .build/obj_sofle_rev1_EGF2/quantum/split_common/transactions.o
LOAD .build/obj_sofle_rev1_EGF2/quantum/main.o
LOAD .build/obj_sofle_rev1_EGF2/printf.o
LOAD .build/obj_sofle_rev1_EGF2/quantum/mousekey.o
LOAD .build/obj_sofle_rev1_EGF2/eeprom_driver.o
LOAD .build/obj_sofle_rev1_EGF2/eeprom_wear_leveling.o
LOAD .build/obj_sofle_rev1_EGF2/wear_leveling.o
LOAD .build/obj_sofle_rev1_EGF2/wear_leveling_rp2040_flash.o
LOAD .build/obj_sofle_rev1_EGF2/quantum/color.o
LOAD .build/obj_sofle_rev1_EGF2/quantum/rgblight/rgblight.o
LOAD .build/obj_sofle_rev1_EGF2/quantum/process_keycode/process_rgb.o
LOAD .build/obj_sofle_rev1_EGF2/ws2812_vendor.o
LOAD .build/obj_sofle_rev1_EGF2/quantum/led_tables.o
LOAD .build/obj_sofle_rev1_EGF2/crc.o
LOAD .build/obj_sofle_rev1_EGF2/qmk_fnv_type_validation.o
LOAD .build/obj_sofle_rev1_EGF2/hash_32a.o
LOAD .build/obj_sofle_rev1_EGF2/hash_64a.o
LOAD .build/obj_sofle_rev1_EGF2/ssd1306_sh1106.o
LOAD .build/obj_sofle_rev1_EGF2/quantum/process_keycode/process_magic.o
LOAD .build/obj_sofle_rev1_EGF2/quantum/send_string/send_string.o
LOAD .build/obj_sofle_rev1_EGF2/quantum/encoder.o
LOAD .build/obj_sofle_rev1_EGF2/quantum/process_keycode/process_grave_esc.o
LOAD .build/obj_sofle_rev1_EGF2/quantum/process_keycode/process_space_cadet.o
LOAD .build/obj_sofle_rev1_EGF2/quantum/process_keycode/process_tap_dance.o
LOAD .build/obj_sofle_rev1_EGF2/quantum/velocikey.o
LOAD .build/obj_sofle_rev1_EGF2/quantum/wpm.o
LOAD .build/obj_sofle_rev1_EGF2/serial_protocol.a
LOAD .build/obj_sofle_rev1_EGF2/serial_vendor.a
LOAD .build/obj_sofle_rev1_EGF2/i2c_master.a
LOAD .build/obj_sofle_rev1_EGF2/./lib/chibios/os/common/startup/ARMCMx/compilers/GCC/crt0_v6m.o
LOAD .build/obj_sofle_rev1_EGF2/./lib/chibios/os/common/startup/ARMCMx/compilers/GCC/vectors.o
LOAD .build/obj_sofle_rev1_EGF2/./lib/chibios/os/common/ports/ARMv6-M-RP2/compilers/GCC/chcoreasm.o
LOAD .build/obj_sofle_rev1_EGF2/protocol/host.o
LOAD .build/obj_sofle_rev1_EGF2/protocol/report.o
LOAD .build/obj_sofle_rev1_EGF2/protocol/usb_device_state.o
LOAD .build/obj_sofle_rev1_EGF2/protocol/usb_util.o
LOAD .build/obj_sofle_rev1_EGF2/platforms/suspend.o
LOAD .build/obj_sofle_rev1_EGF2/platforms/chibios/hardware_id.o
LOAD .build/obj_sofle_rev1_EGF2/platforms/chibios/platform.o
LOAD .build/obj_sofle_rev1_EGF2/platforms/chibios/suspend.o
LOAD .build/obj_sofle_rev1_EGF2/platforms/chibios/timer.o
LOAD .build/obj_sofle_rev1_EGF2/platforms/chibios/bootloaders/rp2040.o
LOAD .build/obj_sofle_rev1_EGF2/protocol/chibios/usb_main.o
LOAD .build/obj_sofle_rev1_EGF2/protocol/chibios/chibios.o
LOAD .build/obj_sofle_rev1_EGF2/usb_descriptor.o
LOAD .build/obj_sofle_rev1_EGF2/protocol/chibios/usb_driver.o
LOAD .build/obj_sofle_rev1_EGF2/protocol/chibios/usb_util.o
LOAD .build/obj_sofle_rev1_EGF2/./lib/chibios/os/oslib/src/chmboxes.o
LOAD .build/obj_sofle_rev1_EGF2/./lib/chibios/os/oslib/src/chmemcore.o
LOAD .build/obj_sofle_rev1_EGF2/./lib/chibios/os/oslib/src/chmemheaps.o
LOAD .build/obj_sofle_rev1_EGF2/./lib/chibios/os/oslib/src/chmempools.o
LOAD .build/obj_sofle_rev1_EGF2/./lib/chibios/os/oslib/src/chpipes.o
LOAD .build/obj_sofle_rev1_EGF2/./lib/chibios/os/oslib/src/chobjcaches.o
LOAD .build/obj_sofle_rev1_EGF2/./lib/chibios/os/oslib/src/chdelegates.o
LOAD .build/obj_sofle_rev1_EGF2/./lib/chibios/os/oslib/src/chfactory.o
LOAD .build/obj_sofle_rev1/lib/chibios/os/common/startup/ARMCMx/compilers/GCC/crt1.o
LOAD .build/obj_sofle_rev1/lib/chibios/os/rt/src/chsys.o
LOAD .build/obj_sofle_rev1/lib/chibios/os/rt/src/chrfcu.o
LOAD .build/obj_sofle_rev1/lib/chibios/os/rt/src/chdebug.o
LOAD .build/obj_sofle_rev1/lib/chibios/os/rt/src/chtrace.o
LOAD .build/obj_sofle_rev1/lib/chibios/os/rt/src/chvt.o
LOAD .build/obj_sofle_rev1/lib/chibios/os/rt/src/chschd.o
LOAD .build/obj_sofle_rev1/lib/chibios/os/rt/src/chinstances.o
LOAD .build/obj_sofle_rev1/lib/chibios/os/rt/src/chthreads.o
LOAD .build/obj_sofle_rev1/lib/chibios/os/rt/src/chtm.o
LOAD .build/obj_sofle_rev1/lib/chibios/os/rt/src/chstats.o
LOAD .build/obj_sofle_rev1/lib/chibios/os/rt/src/chregistry.o
LOAD .build/obj_sofle_rev1/lib/chibios/os/rt/src/chsem.o
LOAD .build/obj_sofle_rev1/lib/chibios/os/rt/src/chmtx.o
LOAD .build/obj_sofle_rev1/lib/chibios/os/rt/src/chcond.o
LOAD .build/obj_sofle_rev1/lib/chibios/os/rt/src/chevents.o
LOAD .build/obj_sofle_rev1/lib/chibios/os/rt/src/chmsg.o
LOAD .build/obj_sofle_rev1/lib/chibios/os/rt/src/chdynamic.o
LOAD .build/obj_sofle_rev1/lib/chibios/os/common/ports/ARMv6-M-RP2/chcore.o
LOAD .build/obj_sofle_rev1/lib/chibios/os/hal/osal/rt-nil/osal.o
LOAD .build/obj_sofle_rev1/lib/chibios/os/hal/src/hal.o
LOAD .build/obj_sofle_rev1/lib/chibios/os/hal/src/hal_st.o
LOAD .build/obj_sofle_rev1/lib/chibios/os/hal/src/hal_buffers.o
LOAD .build/obj_sofle_rev1/lib/chibios/os/hal/src/hal_queues.o
LOAD .build/obj_sofle_rev1/lib/chibios/os/hal/src/hal_flash.o
LOAD .build/obj_sofle_rev1/lib/chibios/os/hal/src/hal_mmcsd.o
LOAD .build/obj_sofle_rev1/lib/chibios/os/hal/src/hal_adc.o
LOAD .build/obj_sofle_rev1/lib/chibios/os/hal/src/hal_can.o
LOAD .build/obj_sofle_rev1/lib/chibios/os/hal/src/hal_crypto.o
LOAD .build/obj_sofle_rev1/lib/chibios/os/hal/src/hal_dac.o
LOAD .build/obj_sofle_rev1/lib/chibios/os/hal/src/hal_efl.o
LOAD .build/obj_sofle_rev1/lib/chibios/os/hal/src/hal_gpt.o
LOAD .build/obj_sofle_rev1/lib/chibios/os/hal/src/hal_i2c.o
LOAD .build/obj_sofle_rev1/lib/chibios/os/hal/src/hal_i2s.o
LOAD .build/obj_sofle_rev1/lib/chibios/os/hal/src/hal_icu.o
LOAD .build/obj_sofle_rev1/lib/chibios/os/hal/src/hal_mac.o
LOAD .build/obj_sofle_rev1/lib/chibios/os/hal/src/hal_mmc_spi.o
LOAD .build/obj_sofle_rev1/lib/chibios/os/hal/src/hal_pal.o
LOAD .build/obj_sofle_rev1/lib/chibios/os/hal/src/hal_pwm.o
LOAD .build/obj_sofle_rev1/lib/chibios/os/hal/src/hal_rtc.o
LOAD .build/obj_sofle_rev1/lib/chibios/os/hal/src/hal_sdc.o
LOAD .build/obj_sofle_rev1/lib/chibios/os/hal/src/hal_serial.o
LOAD .build/obj_sofle_rev1/lib/chibios/os/hal/src/hal_serial_usb.o
LOAD .build/obj_sofle_rev1/lib/chibios/os/hal/src/hal_sio.o
LOAD .build/obj_sofle_rev1/lib/chibios/os/hal/src/hal_spi.o
LOAD .build/obj_sofle_rev1/lib/chibios/os/hal/src/hal_trng.o
LOAD .build/obj_sofle_rev1/lib/chibios/os/hal/src/hal_uart.o
LOAD .build/obj_sofle_rev1/lib/chibios/os/hal/src/hal_usb.o
LOAD .build/obj_sofle_rev1/lib/chibios/os/hal/src/hal_wdg.o
LOAD .build/obj_sofle_rev1/lib/chibios/os/hal/src/hal_wspi.o
LOAD .build/obj_sofle_rev1/lib/chibios/os/hal/ports/common/ARMCMx/nvic.o
LOAD .build/obj_sofle_rev1/lib/chibios/os/hal/ports/RP/RP2040/rp_isr.o
LOAD .build/obj_sofle_rev1/lib/chibios/os/hal/ports/RP/RP2040/hal_lld.o
LOAD .build/obj_sofle_rev1/lib/chibios/os/hal/ports/RP/LLD/DMAv1/rp_dma.o
LOAD .build/obj_sofle_rev1/lib/chibios/os/hal/ports/RP/LLD/GPIOv1/hal_pal_lld.o
LOAD .build/obj_sofle_rev1/lib/chibios/os/hal/ports/RP/LLD/SPIv1/hal_spi_lld.o
LOAD .build/obj_sofle_rev1/lib/chibios/os/hal/ports/RP/LLD/TIMERv1/hal_st_lld.o
LOAD .build/obj_sofle_rev1/lib/chibios/os/hal/ports/RP/LLD/UARTv1/hal_sio_lld.o
LOAD .build/obj_sofle_rev1/lib/chibios/os/hal/ports/RP/LLD/RTCv1/hal_rtc_lld.o
LOAD .build/obj_sofle_rev1/lib/chibios/os/hal/ports/RP/LLD/WDGv1/hal_wdg_lld.o
LOAD .build/obj_sofle_rev1/lib/chibios-contrib/os/hal/ports/RP/LLD/I2Cv1/hal_i2c_lld.o
LOAD .build/obj_sofle_rev1/lib/chibios-contrib/os/hal/ports/RP/LLD/PWMv1/hal_pwm_lld.o
LOAD .build/obj_sofle_rev1/lib/chibios-contrib/os/hal/ports/RP/LLD/ADCv1/hal_adc_lld.o
LOAD .build/obj_sofle_rev1/lib/chibios-contrib/os/hal/ports/RP/LLD/USBDv1/hal_usb_lld.o
LOAD .build/obj_sofle_rev1/lib/chibios/os/hal/boards/RP_PICO_RP2040/board.o
LOAD .build/obj_sofle_rev1/lib/chibios/os/hal/lib/streams/chprintf.o
LOAD .build/obj_sofle_rev1/lib/chibios/os/hal/lib/streams/chscanf.o
LOAD .build/obj_sofle_rev1/lib/chibios/os/hal/lib/streams/memstreams.o
LOAD .build/obj_sofle_rev1/lib/chibios/os/hal/lib/streams/nullstreams.o
LOAD .build/obj_sofle_rev1/lib/chibios/os/hal/lib/streams/bufstreams.o
LOAD .build/obj_sofle_rev1/lib/chibios/os/various/syscalls.o
LOAD .build/obj_sofle_rev1/platforms/chibios/syscall-fallbacks.o
LOAD .build/obj_sofle_rev1/platforms/chibios/wait.o
LOAD .build/obj_sofle_rev1/platforms/chibios/synchronization_util.o
LOAD .build/obj_sofle_rev1/./lib/pico-sdk/src/rp2_common/hardware_clocks/clocks.o
LOAD .build/obj_sofle_rev1/./lib/pico-sdk/src/rp2_common/hardware_pll/pll.o
LOAD .build/obj_sofle_rev1/./lib/pico-sdk/src/rp2_common/hardware_pio/pio.o
LOAD .build/obj_sofle_rev1/./lib/pico-sdk/src/rp2_common/hardware_flash/flash.o
LOAD .build/obj_sofle_rev1/./lib/pico-sdk/src/rp2_common/hardware_gpio/gpio.o
LOAD .build/obj_sofle_rev1/./lib/pico-sdk/src/rp2_common/hardware_claim/claim.o
LOAD .build/obj_sofle_rev1/./lib/pico-sdk/src/rp2_common/hardware_watchdog/watchdog.o
LOAD .build/obj_sofle_rev1/./lib/pico-sdk/src/rp2_common/hardware_xosc/xosc.o
LOAD .build/obj_sofle_rev1/./lib/pico-sdk/src/rp2_common/pico_bootrom/bootrom.o
LOAD .build/obj_sofle_rev1/platforms/chibios/vendors/RP/stage2_bootloaders.o
LOAD .build/obj_sofle_rev1/platforms/chibios/vendors/RP/pico_sdk_shims.o
LOAD .build/obj_sofle_rev1/./lib/pico-sdk/src/rp2_common/pico_divider/divider.o
LOAD .build/obj_sofle_rev1/./lib/pico-sdk/src/rp2_common/pico_int64_ops/pico_int64_ops_aeabi.o
                0x0000000000000800                __process_stack_size__ = 0x800
                0x0000000000000400                __main_stack_size__ = 0x400
LOAD /usr/lib/gcc/arm-none-eabi/8.3.1/../../../arm-none-eabi/lib/thumb/v6-m/nofp/libm.a
START GROUP
LOAD /usr/lib/gcc/arm-none-eabi/8.3.1/thumb/v6-m/nofp/libgcc.a
LOAD /usr/lib/gcc/arm-none-eabi/8.3.1/../../../arm-none-eabi/lib/thumb/v6-m/nofp/libg_nano.a
LOAD /usr/lib/gcc/arm-none-eabi/8.3.1/../../../arm-none-eabi/lib/thumb/v6-m/nofp/libc_nano.a
END GROUP
START GROUP
LOAD /usr/lib/gcc/arm-none-eabi/8.3.1/thumb/v6-m/nofp/libgcc.a
LOAD /usr/lib/gcc/arm-none-eabi/8.3.1/../../../arm-none-eabi/lib/thumb/v6-m/nofp/libc_nano.a
END GROUP

.flash_begin    0x0000000010000000        0x0
                0x0000000010000000                __flash_binary_start = .

.boot2          0x0000000010000000      0x100
                0x0000000010000000                __boot2_start__ = .
 *(.boot2)
 .boot2         0x0000000010000000      0x100 /tmp/ccxW9Zd7.ltrans0.ltrans.o
                0x0000000010000000                BOOT2_ROM
                0x0000000010000100                __boot2_end__ = .

.mstack         0x0000000020040000      0x400
                0x0000000020040000                . = ALIGN (0x8)
                0x0000000020040000                __main_stack_base__ = .
                0x0000000020040400                . = (. + __main_stack_size__)
 *fill*         0x0000000020040000      0x400 
                0x0000000020040400                . = ALIGN (0x8)
                0x0000000020040400                __main_stack_end__ = .

.pstack         0x0000000020040400      0x800
                0x0000000020040400                . = ALIGN (0x8)
                0x0000000020040400                __process_stack_base__ = .
                0x0000000020040400                __main_thread_stack_base__ = .
                0x0000000020040c00                . = (. + __process_stack_size__)
 *fill*         0x0000000020040400      0x800 
                0x0000000020040c00                . = ALIGN (0x8)
                0x0000000020040c00                __process_stack_end__ = .
                0x0000000020040c00                __main_thread_stack_end__ = .
                0x0000000000000400                __c1_main_stack_size__ = __main_stack_size__
                0x0000000000000800                __c1_process_stack_size__ = __process_stack_size__

.c1_mstack      0x0000000020041000      0x400
                0x0000000020041000                . = ALIGN (0x8)
                0x0000000020041000                __c1_main_stack_base__ = .
                0x0000000020041400                . = (. + __c1_main_stack_size__)
 *fill*         0x0000000020041000      0x400 
                0x0000000020041400                . = ALIGN (0x8)
                0x0000000020041400                __c1_main_stack_end__ = .

.c1_pstack      0x0000000020041400      0x800
                0x0000000020041400                . = ALIGN (0x8)
                0x0000000020041400                __c1_process_stack_base__ = .
                0x0000000020041400                __c1_main_thread_stack_base__ = .
                0x0000000020041c00                . = (. + __c1_process_stack_size__)
 *fill*         0x0000000020041400      0x800 
                0x0000000020041c00                . = ALIGN (0x8)
                0x0000000020041c00                __c1_process_stack_end__ = .
                0x0000000020041c00                __c1_main_thread_stack_end__ = .

.vectors        0x0000000010000100       0xc0
                0x0000000010000100                __textvectors_base__ = LOADADDR (.vectors)
                0x0000000010000100                __vectors_base__ = .
 *(.vectors)
 .vectors       0x0000000010000100       0xc0 .build/obj_sofle_rev1_EGF2/./lib/chibios/os/common/startup/ARMCMx/compilers/GCC/vectors.o
                0x0000000010000100                _vectors
                0x00000000100001c0                __vectors_end__ = .

.xtors          0x00000000100001c0        0x0
                0x00000000100001c0                __init_array_base__ = .
 *(SORT_BY_NAME(.init_array.*))
 *(.init_array)
                0x00000000100001c0                __init_array_end__ = .
                0x00000000100001c0                __fini_array_base__ = .
 *(.fini_array)
 *(SORT_BY_NAME(.fini_array.*))
                0x00000000100001c0                __fini_array_end__ = .

.text           0x00000000100001c0     0xa980
                0x00000000100001c0                __text_base__ = .
 *(.text)
 .text          0x00000000100001c0      0x104 .build/obj_sofle_rev1_EGF2/./lib/chibios/os/common/startup/ARMCMx/compilers/GCC/crt0_v6m.o
                0x00000000100001c0                _crt0_entry
 .text          0x00000000100002c4        0x8 .build/obj_sofle_rev1_EGF2/./lib/chibios/os/common/startup/ARMCMx/compilers/GCC/vectors.o
                0x00000000100002c4                Reset_Handler
                0x00000000100002c6                Vector58
                0x00000000100002c6                Vector9C
                0x00000000100002c6                VectorAC
                0x00000000100002c6                DebugMon_Handler
                0x00000000100002c6                HardFault_Handler
                0x00000000100002c6                Vector8C
                0x00000000100002c6                SysTick_Handler
                0x00000000100002c6                PendSV_Handler
                0x00000000100002c6                Vector94
                0x00000000100002c6                VectorA8
                0x00000000100002c6                VectorB4
                0x00000000100002c6                Vector74
                0x00000000100002c6                UsageFault_Handler
                0x00000000100002c6                VectorBC
                0x00000000100002c6                Vector64
                0x00000000100002c6                Vector98
                0x00000000100002c6                Vector24
                0x00000000100002c6                Vector84
                0x00000000100002c6                SecureFault_Handler
                0x00000000100002c6                MemManage_Handler
                0x00000000100002c6                SVC_Handler
                0x00000000100002c6                VectorB0
                0x00000000100002c6                Vector90
                0x00000000100002c6                Vector60
                0x00000000100002c6                Vector68
                0x00000000100002c6                Vector78
                0x00000000100002c6                Vector88
                0x00000000100002c6                BusFault_Handler
                0x00000000100002c6                Vector50
                0x00000000100002c6                Vector28
                0x00000000100002c6                VectorB8
                0x00000000100002c6                Vector34
                0x00000000100002c6                VectorA4
                0x00000000100002c6                Vector20
                0x00000000100002ca                _unhandled_exception
 .text          0x00000000100002cc       0x48 .build/obj_sofle_rev1_EGF2/./lib/chibios/os/common/ports/ARMv6-M-RP2/compilers/GCC/chcoreasm.o
                0x00000000100002cc                __port_switch
                0x00000000100002ec                __port_thread_start
                0x00000000100002fe                __port_switch_from_isr
                0x0000000010000302                __port_exit_from_isr
 .text          0x0000000010000314        0x4 /usr/lib/gcc/arm-none-eabi/8.3.1/thumb/v6-m/nofp/libgcc.a(_dvmd_tls.o)
                0x0000000010000314                __aeabi_ldiv0
                0x0000000010000314                __aeabi_idiv0
 .text          0x0000000010000318       0x30 /usr/lib/gcc/arm-none-eabi/8.3.1/thumb/v6-m/nofp/libgcc.a(_fixunssfsi.o)
                0x0000000010000318                __aeabi_f2uiz
                0x0000000010000318                __fixunssfsi
 .text          0x0000000010000348      0x230 /usr/lib/gcc/arm-none-eabi/8.3.1/thumb/v6-m/nofp/libgcc.a(divsf3.o)
                0x0000000010000348                __aeabi_fdiv
 .text          0x0000000010000578      0x22c /usr/lib/gcc/arm-none-eabi/8.3.1/thumb/v6-m/nofp/libgcc.a(mulsf3.o)
                0x0000000010000578                __aeabi_fmul
 .text          0x00000000100007a4      0x348 /usr/lib/gcc/arm-none-eabi/8.3.1/thumb/v6-m/nofp/libgcc.a(subsf3.o)
                0x00000000100007a4                __aeabi_fsub
 .text          0x0000000010000aec       0x40 /usr/lib/gcc/arm-none-eabi/8.3.1/thumb/v6-m/nofp/libgcc.a(fixsfsi.o)
                0x0000000010000aec                __aeabi_f2iz
 .text          0x0000000010000b2c       0x80 /usr/lib/gcc/arm-none-eabi/8.3.1/thumb/v6-m/nofp/libgcc.a(floatunsisf.o)
                0x0000000010000b2c                __aeabi_ui2f
 .text          0x0000000010000bac       0x74 /usr/lib/gcc/arm-none-eabi/8.3.1/thumb/v6-m/nofp/libgcc.a(_arm_cmpsf2.o)
                0x0000000010000bac                __aeabi_cfrcmple
                0x0000000010000bb4                __aeabi_cfcmple
                0x0000000010000bb4                __aeabi_cfcmpeq
                0x0000000010000bc4                __aeabi_fcmpeq
                0x0000000010000bd0                __aeabi_fcmplt
                0x0000000010000be4                __aeabi_fcmple
                0x0000000010000bf8                __aeabi_fcmpgt
                0x0000000010000c0c                __aeabi_fcmpge
 .text          0x0000000010000c20       0x3c /usr/lib/gcc/arm-none-eabi/8.3.1/thumb/v6-m/nofp/libgcc.a(_clzsi2.o)
                0x0000000010000c20                __clzsi2
 .text          0x0000000010000c5c       0x50 /usr/lib/gcc/arm-none-eabi/8.3.1/thumb/v6-m/nofp/libgcc.a(eqsf2.o)
                0x0000000010000c5c                __nesf2
                0x0000000010000c5c                __eqsf2
 .text          0x0000000010000cac       0x98 /usr/lib/gcc/arm-none-eabi/8.3.1/thumb/v6-m/nofp/libgcc.a(gesf2.o)
                0x0000000010000cac                __gtsf2
                0x0000000010000cac                __gesf2
 .text          0x0000000010000d44       0x94 /usr/lib/gcc/arm-none-eabi/8.3.1/thumb/v6-m/nofp/libgcc.a(lesf2.o)
                0x0000000010000d44                __lesf2
                0x0000000010000d44                __ltsf2
 .text          0x0000000010000dd8       0x14 /usr/lib/gcc/arm-none-eabi/8.3.1/thumb/v6-m/nofp/libgcc.a(_thumb1_case_uqi.o)
                0x0000000010000dd8                __gnu_thumb1_case_uqi
 .text          0x0000000010000dec       0x14 /usr/lib/gcc/arm-none-eabi/8.3.1/thumb/v6-m/nofp/libgcc.a(_thumb1_case_shi.o)
                0x0000000010000dec                __gnu_thumb1_case_shi
 .text          0x0000000010000e00       0x14 /usr/lib/gcc/arm-none-eabi/8.3.1/thumb/v6-m/nofp/libgcc.a(_thumb1_case_uhi.o)
                0x0000000010000e00                __gnu_thumb1_case_uhi
 .text          0x0000000010000e14       0x40 /usr/lib/gcc/arm-none-eabi/8.3.1/thumb/v6-m/nofp/libgcc.a(_ctzsi2.o)
                0x0000000010000e14                __ctzsi2
 .text          0x0000000010000e54       0x94 /usr/lib/gcc/arm-none-eabi/8.3.1/thumb/v6-m/nofp/libgcc.a(floatsisf.o)
                0x0000000010000e54                __aeabi_i2f
 .text          0x0000000010000ee8       0xa8 /usr/lib/gcc/arm-none-eabi/8.3.1/../../../arm-none-eabi/lib/thumb/v6-m/nofp/libg_nano.a(lib_a-memcpy-stub.o)
                0x0000000010000ee8                memcpy
 .text          0x0000000010000f90       0xe8 /usr/lib/gcc/arm-none-eabi/8.3.1/../../../arm-none-eabi/lib/thumb/v6-m/nofp/libg_nano.a(lib_a-rand.o)
                0x0000000010000f90                srand
                0x0000000010000ff0                rand
 .text          0x0000000010001078       0x4c /usr/lib/gcc/arm-none-eabi/8.3.1/../../../arm-none-eabi/lib/thumb/v6-m/nofp/libg_nano.a(lib_a-assert.o)
                0x0000000010001078                __assert_func
                0x00000000100010b8                __assert
 .text          0x00000000100010c4       0x3c /usr/lib/gcc/arm-none-eabi/8.3.1/../../../arm-none-eabi/lib/thumb/v6-m/nofp/libg_nano.a(lib_a-fprintf.o)
                0x00000000100010c4                _fprintf_r
                0x00000000100010c4                _fiprintf_r
                0x00000000100010dc                fprintf
                0x00000000100010dc                fiprintf
 .text          0x0000000010001100       0x28 /usr/lib/gcc/arm-none-eabi/8.3.1/../../../arm-none-eabi/lib/thumb/v6-m/nofp/libg_nano.a(lib_a-malloc.o)
                0x0000000010001100                malloc
                0x0000000010001114                free
 .text          0x0000000010001128       0xac /usr/lib/gcc/arm-none-eabi/8.3.1/../../../arm-none-eabi/lib/thumb/v6-m/nofp/libg_nano.a(lib_a-nano-freer.o)
                0x0000000010001128                _free_r
 .text          0x00000000100011d4       0xcc /usr/lib/gcc/arm-none-eabi/8.3.1/../../../arm-none-eabi/lib/thumb/v6-m/nofp/libg_nano.a(lib_a-nano-mallocr.o)
                0x00000000100011d4                _malloc_r
 .text          0x00000000100012a0      0x384 /usr/lib/gcc/arm-none-eabi/8.3.1/../../../arm-none-eabi/lib/thumb/v6-m/nofp/libg_nano.a(lib_a-nano-vfprintf.o)
                0x00000000100012c8                __sfputs_r
                0x00000000100012f4                __sprint_r
                0x0000000010001310                _vfiprintf_r
                0x0000000010001310                _vfprintf_r
                0x000000001000160c                vfiprintf
                0x000000001000160c                vfprintf
 .text          0x0000000010001624      0x3d8 /usr/lib/gcc/arm-none-eabi/8.3.1/../../../arm-none-eabi/lib/thumb/v6-m/nofp/libg_nano.a(lib_a-nano-vfprintf_i.o)
                0x0000000010001624                _printf_common
                0x0000000010001754                _printf_i
 .text          0x00000000100019fc       0xec /usr/lib/gcc/arm-none-eabi/8.3.1/../../../arm-none-eabi/lib/thumb/v6-m/nofp/libg_nano.a(lib_a-wbuf.o)
                0x00000000100019fc                __swbuf_r
                0x0000000010001ad0                __swbuf
 .text          0x0000000010001ae8      0x10c /usr/lib/gcc/arm-none-eabi/8.3.1/../../../arm-none-eabi/lib/thumb/v6-m/nofp/libg_nano.a(lib_a-wsetup.o)
                0x0000000010001ae8                __swsetup_r
 .text          0x0000000010001bf4       0x10 /usr/lib/gcc/arm-none-eabi/8.3.1/../../../arm-none-eabi/lib/thumb/v6-m/nofp/libg_nano.a(lib_a-abort.o)
                0x0000000010001bf4                abort
 .text          0x0000000010001c04      0x1b8 /usr/lib/gcc/arm-none-eabi/8.3.1/../../../arm-none-eabi/lib/thumb/v6-m/nofp/libg_nano.a(lib_a-fflush.o)
                0x0000000010001c04                __sflush_r
                0x0000000010001d38                _fflush_r
                0x0000000010001d94                fflush
 .text          0x0000000010001dbc      0x240 /usr/lib/gcc/arm-none-eabi/8.3.1/../../../arm-none-eabi/lib/thumb/v6-m/nofp/libg_nano.a(lib_a-findfp.o)
                0x0000000010001dc0                _cleanup_r
                0x0000000010001dd4                __sfmoreglue
                0x0000000010001e04                __sfp
                0x0000000010001f94                _cleanup
                0x0000000010001fac                __sinit
                0x0000000010001fbc                __sfp_lock_acquire
                0x0000000010001fc0                __sfp_lock_release
                0x0000000010001fc4                __sinit_lock_acquire
                0x0000000010001fc8                __sinit_lock_release
                0x0000000010001fcc                __fp_lock_all
                0x0000000010001fe4                __fp_unlock_all
 .text          0x0000000010001ffc      0x320 /usr/lib/gcc/arm-none-eabi/8.3.1/../../../arm-none-eabi/lib/thumb/v6-m/nofp/libg_nano.a(lib_a-fvwrite.o)
                0x0000000010001ffc                __sfvwrite_r
 .text          0x000000001000231c       0x90 /usr/lib/gcc/arm-none-eabi/8.3.1/../../../arm-none-eabi/lib/thumb/v6-m/nofp/libg_nano.a(lib_a-fwalk.o)
                0x000000001000231c                _fwalk
                0x0000000010002360                _fwalk_reent
 .text          0x00000000100023ac       0xe0 /usr/lib/gcc/arm-none-eabi/8.3.1/../../../arm-none-eabi/lib/thumb/v6-m/nofp/libg_nano.a(lib_a-makebuf.o)
                0x00000000100023ac                __swhatbuf_r
                0x00000000100023fc                __smakebuf_r
 .text          0x000000001000248c       0x80 /usr/lib/gcc/arm-none-eabi/8.3.1/../../../arm-none-eabi/lib/thumb/v6-m/nofp/libg_nano.a(lib_a-memchr-stub.o)
                0x000000001000248c                memchr
 .text          0x000000001000250c       0xbc /usr/lib/gcc/arm-none-eabi/8.3.1/../../../arm-none-eabi/lib/thumb/v6-m/nofp/libg_nano.a(lib_a-memmove.o)
                0x000000001000250c                memmove
 .text          0x00000000100025c8       0xa8 /usr/lib/gcc/arm-none-eabi/8.3.1/../../../arm-none-eabi/lib/thumb/v6-m/nofp/libg_nano.a(lib_a-memset.o)
                0x00000000100025c8                memset
 .text          0x0000000010002670        0x8 /usr/lib/gcc/arm-none-eabi/8.3.1/../../../arm-none-eabi/lib/thumb/v6-m/nofp/libg_nano.a(lib_a-mlock.o)
                0x0000000010002670                __malloc_lock
                0x0000000010002674                __malloc_unlock
 .text          0x0000000010002678       0x50 /usr/lib/gcc/arm-none-eabi/8.3.1/../../../arm-none-eabi/lib/thumb/v6-m/nofp/libg_nano.a(lib_a-nano-reallocr.o)
                0x0000000010002678                _realloc_r
 .text          0x00000000100026c8      0x178 /usr/lib/gcc/arm-none-eabi/8.3.1/../../../arm-none-eabi/lib/thumb/v6-m/nofp/libg_nano.a(lib_a-signal.o)
                0x00000000100026f0                _init_signal_r
                0x0000000010002708                _signal_r
                0x0000000010002740                _raise_r
                0x0000000010002798                __sigtramp_r
                0x00000000100027e4                raise
                0x00000000100027f8                signal
                0x0000000010002810                _init_signal
                0x000000001000282c                __sigtramp
 .text          0x0000000010002840       0x30 /usr/lib/gcc/arm-none-eabi/8.3.1/../../../arm-none-eabi/lib/thumb/v6-m/nofp/libg_nano.a(lib_a-signalr.o)
                0x0000000010002840                _kill_r
                0x0000000010002868                _getpid_r
 .text          0x0000000010002870       0xa4 /usr/lib/gcc/arm-none-eabi/8.3.1/../../../arm-none-eabi/lib/thumb/v6-m/nofp/libg_nano.a(lib_a-stdio.o)
                0x0000000010002870                __sread
                0x0000000010002898                __seofread
                0x000000001000289c                __swrite
                0x00000000100028dc                __sseek
                0x0000000010002908                __sclose
 .text          0x0000000010002914       0x14 /usr/lib/gcc/arm-none-eabi/8.3.1/../../../arm-none-eabi/lib/thumb/v6-m/nofp/libg_nano.a(lib_a-nano-msizer.o)
                0x0000000010002914                _malloc_usable_size_r
 .text          0x0000000010002928       0x50 /usr/lib/gcc/arm-none-eabi/8.3.1/../../../arm-none-eabi/lib/thumb/v6-m/nofp/libg_nano.a(lib_a-memcmp.o)
                0x0000000010002928                memcmp
 .text          0x0000000010002978       0x68 /usr/lib/gcc/arm-none-eabi/8.3.1/../../../arm-none-eabi/lib/thumb/v6-m/nofp/libg_nano.a(lib_a-strlen-stub.o)
                0x0000000010002978                strlen
 *(.text.*)
 .text.read_source_layers_cache_impl.constprop.89
                0x00000000100029e0       0x2c /tmp/ccxW9Zd7.ltrans0.ltrans.o
 .text.update_source_layers_cache_impl.constprop.88
                0x0000000010002a0c       0x38 /tmp/ccxW9Zd7.ltrans0.ltrans.o
 .text.clock_configure.part.0.constprop.33
                0x0000000010002a44       0xc4 /tmp/ccxW9Zd7.ltrans0.ltrans.o
 .text.clocks_init
                0x0000000010002b08      0x198 /tmp/ccxW9Zd7.ltrans0.ltrans.o
 .text.usb_lld_stall_in
                0x0000000010002ca0       0x40 /tmp/ccxW9Zd7.ltrans0.ltrans.o
 .text.usb_lld_stall_out
                0x0000000010002ce0       0x40 /tmp/ccxW9Zd7.ltrans0.ltrans.o
 .text.usb_prepare_out_ep
                0x0000000010002d20       0x90 /tmp/ccxW9Zd7.ltrans0.ltrans.o
 .text.usbStartReceiveI.constprop.9
                0x0000000010002db0       0x36 /tmp/ccxW9Zd7.ltrans0.ltrans.o
 *fill*         0x0000000010002de6        0x2 
 .text.usb_isochronous_buffer_size
                0x0000000010002de8       0x44 /tmp/ccxW9Zd7.ltrans0.ltrans.o
 .text.usb_lld_init_endpoint
                0x0000000010002e2c      0x13c /tmp/ccxW9Zd7.ltrans0.ltrans.o
 .text.usb_lld_reset.constprop.52
                0x0000000010002f68       0x54 /tmp/ccxW9Zd7.ltrans0.ltrans.o
 .text.hal_lld_peripheral_unreset.lto_priv.122
                0x0000000010002fbc       0x14 /tmp/ccxW9Zd7.ltrans0.ltrans.o
 .text.port_unlock.lto_priv.128
                0x0000000010002fd0       0x12 /tmp/ccxW9Zd7.ltrans0.ltrans.o
 .text.port_lock.lto_priv.146
                0x0000000010002fe2       0x16 /tmp/ccxW9Zd7.ltrans0.ltrans.o
 .text.i2c_lld_disableS
                0x0000000010002ff8       0x64 /tmp/ccxW9Zd7.ltrans0.ltrans.o
 .text.serve_interrupt
                0x000000001000305c       0x28 /tmp/ccxW9Zd7.ltrans0.ltrans.o
 .text.set_address
                0x0000000010003084       0x30 /tmp/ccxW9Zd7.ltrans0.ltrans.o
 .text.ch_sch_prio_insert
                0x00000000100030b4       0x1e /tmp/ccxW9Zd7.ltrans0.ltrans.o
 .text.__idle_thread
                0x00000000100030d2        0x2 /tmp/ccxW9Zd7.ltrans0.ltrans.o
 .text.__sch_ready_ahead
                0x00000000100030d4       0x1c /tmp/ccxW9Zd7.ltrans0.ltrans.o
 .text.__sch_ready_behind
                0x00000000100030f0       0x1c /tmp/ccxW9Zd7.ltrans0.ltrans.o
 .text.__sch_wakeup
                0x000000001000310c       0x42 /tmp/ccxW9Zd7.ltrans0.ltrans.o
 *fill*         0x000000001000314e        0x2 
 .text.chSchReadyI
                0x0000000010003150       0x2c /tmp/ccxW9Zd7.ltrans0.ltrans.o
 .text.vt_insert_first
                0x000000001000317c       0x78 /tmp/ccxW9Zd7.ltrans0.ltrans.o
 .text.vt_set_alarm
                0x00000000100031f4       0x4c /tmp/ccxW9Zd7.ltrans0.ltrans.o
 .text.chVTDoResetI
                0x0000000010003240       0x80 /tmp/ccxW9Zd7.ltrans0.ltrans.o
 .text.ch_dlist_insert
                0x00000000100032c0       0x2a /tmp/ccxW9Zd7.ltrans0.ltrans.o
 *fill*         0x00000000100032ea        0x2 
 .text.chVTDoTickI
                0x00000000100032ec       0xcc /tmp/ccxW9Zd7.ltrans0.ltrans.o
 .text.vt_enqueue
                0x00000000100033b8       0x44 /tmp/ccxW9Zd7.ltrans0.ltrans.o
 .text.chVTSetI.constprop.16
                0x00000000100033fc       0x44 /tmp/ccxW9Zd7.ltrans0.ltrans.o
 .text.chSysHalt
                0x0000000010003440       0x24 /tmp/ccxW9Zd7.ltrans0.ltrans.o
 .text.keyboard_leds
                0x0000000010003464        0xc /tmp/ccxW9Zd7.ltrans0.ltrans.o
 .text.usb_sof_cb
                0x0000000010003470        0xc /tmp/ccxW9Zd7.ltrans0.ltrans.o
 .text.usb_request_hook_cb
                0x000000001000347c      0x180 /tmp/ccxW9Zd7.ltrans0.ltrans.o
 .text.set_led_transfer_cb
                0x00000000100035fc       0x2c /tmp/ccxW9Zd7.ltrans0.ltrans.o
 .text.usb_event_queue_enqueue
                0x0000000010003628       0x30 /tmp/ccxW9Zd7.ltrans0.ltrans.o
 .text.dummy_usb_cb
                0x0000000010003658        0x2 /tmp/ccxW9Zd7.ltrans0.ltrans.o
 *fill*         0x000000001000365a        0x2 
 .text.usb_get_descriptor_cb
                0x000000001000365c       0x98 /tmp/ccxW9Zd7.ltrans0.ltrans.o
 .text.timer_read32
                0x00000000100036f4       0x7c /tmp/ccxW9Zd7.ltrans0.ltrans.o
 .text.add_key_byte
                0x0000000010003770       0x2c /tmp/ccxW9Zd7.ltrans0.ltrans.o
 .text.host_consumer_send
                0x000000001000379c       0x34 /tmp/ccxW9Zd7.ltrans0.ltrans.o
 .text.host_system_send
                0x00000000100037d0       0x34 /tmp/ccxW9Zd7.ltrans0.ltrans.o
 .text.crc8     0x0000000010003804       0x2c /tmp/ccxW9Zd7.ltrans0.ltrans.o
 .text.ws2812_dma_callback
                0x0000000010003830       0x6c /tmp/ccxW9Zd7.ltrans0.ltrans.o
 .text.handleKeycodeRGB
                0x000000001000389c        0xe /tmp/ccxW9Zd7.ltrans0.ltrans.o
 .text.rgblight_effect_dummy
                0x00000000100038aa        0x2 /tmp/ccxW9Zd7.ltrans0.ltrans.o
 .text.rgblight_timer_init
                0x00000000100038ac       0x14 /tmp/ccxW9Zd7.ltrans0.ltrans.o
 .text.rgblight_set_layer_state
                0x00000000100038c0       0x34 /tmp/ccxW9Zd7.ltrans0.ltrans.o
 .text.rgblight_check_config
                0x00000000100038f4       0x30 /tmp/ccxW9Zd7.ltrans0.ltrans.o
 .text.sethsv_raw
                0x0000000010003924       0xa0 /tmp/ccxW9Zd7.ltrans0.ltrans.o
 .text.sethsv   0x00000000100039c4       0x12 /tmp/ccxW9Zd7.ltrans0.ltrans.o
 *fill*         0x00000000100039d6        0x2 
 .text.backing_store_read_bulk
                0x00000000100039d8       0x20 /tmp/ccxW9Zd7.ltrans0.ltrans.o
 .text.backing_store_erase
                0x00000000100039f8       0x20 /tmp/ccxW9Zd7.ltrans0.ltrans.o
 .text.wear_leveling_lock
                0x0000000010003a18       0x1c /tmp/ccxW9Zd7.ltrans0.ltrans.o
 .text.wear_leveling_unlock
                0x0000000010003a34       0x1c /tmp/ccxW9Zd7.ltrans0.ltrans.o
 .text.wear_leveling_write_consolidated
                0x0000000010003a50       0xf4 /tmp/ccxW9Zd7.ltrans0.ltrans.o
 .text.wear_leveling_consolidate_if_needed
                0x0000000010003b44       0x34 /tmp/ccxW9Zd7.ltrans0.ltrans.o
 .text.wear_leveling_append_raw
                0x0000000010003b78       0x40 /tmp/ccxW9Zd7.ltrans0.ltrans.o
 .text.mousekey_send
                0x0000000010003bb8       0x44 /tmp/ccxW9Zd7.ltrans0.ltrans.o
 .text.mousekey_off
                0x0000000010003bfc       0xf0 /tmp/ccxW9Zd7.ltrans0.ltrans.o
 .text.wheel_unit
                0x0000000010003cec       0x4c /tmp/ccxW9Zd7.ltrans0.ltrans.o
 .text.move_unit
                0x0000000010003d38       0x40 /tmp/ccxW9Zd7.ltrans0.ltrans.o
 .text.mousekey_on
                0x0000000010003d78       0xb4 /tmp/ccxW9Zd7.ltrans0.ltrans.o
 .text.sendchar
                0x0000000010003e2c        0x4 /tmp/ccxW9Zd7.ltrans0.ltrans.o
 .text.setPinInputHigh_atomic
                0x0000000010003e30       0x34 /tmp/ccxW9Zd7.ltrans0.ltrans.o
 .text.null_sendchar_func
                0x0000000010003e64        0x4 /tmp/ccxW9Zd7.ltrans0.ltrans.o
 .text.mod_config
                0x0000000010003e68       0xa8 /tmp/ccxW9Zd7.ltrans0.ltrans.o
 .text.keymap_key_to_keycode
                0x0000000010003f10       0x34 /tmp/ccxW9Zd7.ltrans0.ltrans.o
 .text.action_for_keycode
                0x0000000010003f44      0x2d8 /tmp/ccxW9Zd7.ltrans0.ltrans.o
 .text.clear_oneshot_mods
                0x000000001000421c       0x14 /tmp/ccxW9Zd7.ltrans0.ltrans.o
 .text.del_weak_mods
                0x0000000010004230       0x10 /tmp/ccxW9Zd7.ltrans0.ltrans.o
 .text.del_mods
                0x0000000010004240       0x10 /tmp/ccxW9Zd7.ltrans0.ltrans.o
 .text.debug_waiting_buffer
                0x0000000010004250       0x20 /tmp/ccxW9Zd7.ltrans0.ltrans.o
 .text.layer_switch_get_layer
                0x0000000010004270       0x50 /tmp/ccxW9Zd7.ltrans0.ltrans.o
 .text.layer_switch_get_action
                0x00000000100042c0       0x20 /tmp/ccxW9Zd7.ltrans0.ltrans.o
 .text.is_tap_record
                0x00000000100042e0       0x70 /tmp/ccxW9Zd7.ltrans0.ltrans.o
 .text.get_event_keycode
                0x0000000010004350       0x50 /tmp/ccxW9Zd7.ltrans0.ltrans.o
 .text.extract_mod_bits
                0x00000000100043a0       0x64 /tmp/ccxW9Zd7.ltrans0.ltrans.o
 .text.layer_state_set_user
                0x0000000010004404       0x74 /tmp/ccxW9Zd7.ltrans0.ltrans.o
 .text.layer_state_set
                0x0000000010004478       0x10 /tmp/ccxW9Zd7.ltrans0.ltrans.o
 .text.layer_off
                0x0000000010004488       0x18 /tmp/ccxW9Zd7.ltrans0.ltrans.o
 .text.clear_oneshot_layer_state
                0x00000000100044a0       0x38 /tmp/ccxW9Zd7.ltrans0.ltrans.o
 .text.layer_on
                0x00000000100044d8       0x18 /tmp/ccxW9Zd7.ltrans0.ltrans.o
 .text.usbInitEndpointI
                0x00000000100044f0       0x36 /tmp/ccxW9Zd7.ltrans0.ltrans.o
 *fill*         0x0000000010004526        0x2 
 .text.usb_event_cb
                0x0000000010004528       0x58 /tmp/ccxW9Zd7.ltrans0.ltrans.o
 .text.wear_leveling_clear_cache
                0x0000000010004580       0x20 /tmp/ccxW9Zd7.ltrans0.ltrans.o
 .text.wear_leveling_erase
                0x00000000100045a0       0x2e /tmp/ccxW9Zd7.ltrans0.ltrans.o
 .text.usb_prepare_in_ep_buffer
                0x00000000100045ce       0x74 /tmp/ccxW9Zd7.ltrans0.ltrans.o
 *fill*         0x0000000010004642        0x2 
 .text.usb_prepare_in_ep
                0x0000000010004644       0x8c /tmp/ccxW9Zd7.ltrans0.ltrans.o
 .text.usbStartTransmitI
                0x00000000100046d0       0x28 /tmp/ccxW9Zd7.ltrans0.ltrans.o
 .text._usb_ep0out
                0x00000000100046f8       0x80 /tmp/ccxW9Zd7.ltrans0.ltrans.o
 .text._usb_ep0in
                0x0000000010004778       0xae /tmp/ccxW9Zd7.ltrans0.ltrans.o
 *fill*         0x0000000010004826        0x2 
 .text.keyboard_idle_timer_cb
                0x0000000010004828       0x74 /tmp/ccxW9Zd7.ltrans0.ltrans.o
 .text.wear_leveling_read
                0x000000001000489c       0x24 /tmp/ccxW9Zd7.ltrans0.ltrans.o
 .text.eeprom_read_byte
                0x00000000100048c0       0x16 /tmp/ccxW9Zd7.ltrans0.ltrans.o
 .text.velocikey_enabled
                0x00000000100048d6       0x12 /tmp/ccxW9Zd7.ltrans0.ltrans.o
 .text.get_interval_time
                0x00000000100048e8       0x70 /tmp/ccxW9Zd7.ltrans0.ltrans.o
 .text.oled_write_char.constprop.119
                0x0000000010004958       0xb8 /tmp/ccxW9Zd7.ltrans0.ltrans.o
 .text.oled_advance_page
                0x0000000010004a10       0x68 /tmp/ccxW9Zd7.ltrans0.ltrans.o
 .text.wear_leveling_write
                0x0000000010004a78      0x1a0 /tmp/ccxW9Zd7.ltrans0.ltrans.o
 .text.eeprom_update_dword
                0x0000000010004c18       0x26 /tmp/ccxW9Zd7.ltrans0.ltrans.o
 .text.eeconfig_update_rgblight
                0x0000000010004c3e       0x12 /tmp/ccxW9Zd7.ltrans0.ltrans.o
 .text.rgblight_decrease_speed
                0x0000000010004c50       0x1c /tmp/ccxW9Zd7.ltrans0.ltrans.o
 .text.rgblight_increase_speed
                0x0000000010004c6c       0x1c /tmp/ccxW9Zd7.ltrans0.ltrans.o
 .text.eeconfig_update_rgblight_default
                0x0000000010004c88       0x28 /tmp/ccxW9Zd7.ltrans0.ltrans.o
 .text.eeprom_update_word
                0x0000000010004cb0       0x2a /tmp/ccxW9Zd7.ltrans0.ltrans.o
 *fill*         0x0000000010004cda        0x2 
 .text.oneshot_set
                0x0000000010004cdc       0x30 /tmp/ccxW9Zd7.ltrans0.ltrans.o
 .text.eeprom_update_byte
                0x0000000010004d0c       0x1e /tmp/ccxW9Zd7.ltrans0.ltrans.o
 *fill*         0x0000000010004d2a        0x2 
 .text.eeconfig_init_quantum
                0x0000000010004d2c       0x90 /tmp/ccxW9Zd7.ltrans0.ltrans.o
 .text.send_keyboard_report
                0x0000000010004dbc       0x7c /tmp/ccxW9Zd7.ltrans0.ltrans.o
 .text.process_tap_dance_action_on_reset
                0x0000000010004e38       0x2a /tmp/ccxW9Zd7.ltrans0.ltrans.o
 *fill*         0x0000000010004e62        0x2 
 .text.process_tap_dance_action_on_dance_finished
                0x0000000010004e64       0x54 /tmp/ccxW9Zd7.ltrans0.ltrans.o
 .text.clear_keyboard
                0x0000000010004eb8       0x64 /tmp/ccxW9Zd7.ltrans0.ltrans.o
 .text.unregister_mods
                0x0000000010004f1c       0x10 /tmp/ccxW9Zd7.ltrans0.ltrans.o
 .text.register_mods
                0x0000000010004f2c       0x18 /tmp/ccxW9Zd7.ltrans0.ltrans.o
 .text.unregister_code
                0x0000000010004f44       0x84 /tmp/ccxW9Zd7.ltrans0.ltrans.o
 .text.register_code
                0x0000000010004fc8       0xb8 /tmp/ccxW9Zd7.ltrans0.ltrans.o
 .text.unregister_code16
                0x0000000010005080       0x30 /tmp/ccxW9Zd7.ltrans0.ltrans.o
 .text.register_code16
                0x00000000100050b0       0x38 /tmp/ccxW9Zd7.ltrans0.ltrans.o
 .text.qk_tap_dance_pair_finished
                0x00000000100050e8        0xa /tmp/ccxW9Zd7.ltrans0.ltrans.o
 .text.qk_tap_dance_pair_on_each_tap
                0x00000000100050f2       0x18 /tmp/ccxW9Zd7.ltrans0.ltrans.o
 .text.oled_write.constprop.118
                0x000000001000510a       0x1a /tmp/ccxW9Zd7.ltrans0.ltrans.o
 .text.oled_write_ln.constprop.115
                0x0000000010005124        0xe /tmp/ccxW9Zd7.ltrans0.ltrans.o
 *fill*         0x0000000010005132        0x2 
 .text.chSchGoSleepS
                0x0000000010005134       0x2c /tmp/ccxW9Zd7.ltrans0.ltrans.o
 .text.chSchGoSleepTimeoutS
                0x0000000010005160       0x60 /tmp/ccxW9Zd7.ltrans0.ltrans.o
 .text.oled_off
                0x00000000100051c0       0x40 /tmp/ccxW9Zd7.ltrans0.ltrans.o
 .text.oled_on  0x0000000010005200       0x50 /tmp/ccxW9Zd7.ltrans0.ltrans.o
 .text.transport_execute_transaction
                0x0000000010005250       0x6c /tmp/ccxW9Zd7.ltrans0.ltrans.o
 .text.rgblight_handlers_master
                0x00000000100052bc       0x60 /tmp/ccxW9Zd7.ltrans0.ltrans.o
 .text.read_if_checksum_mismatch
                0x000000001000531c       0x7c /tmp/ccxW9Zd7.ltrans0.ltrans.o
 .text.slave_matrix_handlers_master
                0x0000000010005398       0x48 /tmp/ccxW9Zd7.ltrans0.ltrans.o
 .text.gpio_set_drive_strength
                0x00000000100053e0       0x20 /tmp/ccxW9Zd7.ltrans0.ltrans.o
                0x00000000100053e0                gpio_set_drive_strength
 .text.pio_sm_init
                0x0000000010005400       0x88 /tmp/ccxW9Zd7.ltrans0.ltrans.o
                0x0000000010005400                pio_sm_init
 .text.pio_sm_set_consecutive_pindirs
                0x0000000010005488       0x68 /tmp/ccxW9Zd7.ltrans0.ltrans.o
                0x0000000010005488                pio_sm_set_consecutive_pindirs
 .text.pio_sm_set_pins_with_mask
                0x00000000100054f0       0x5a /tmp/ccxW9Zd7.ltrans0.ltrans.o
                0x00000000100054f0                pio_sm_set_pins_with_mask
 *fill*         0x000000001000554a        0x2 
 .text.pio_add_program
                0x000000001000554c       0xd8 /tmp/ccxW9Zd7.ltrans0.ltrans.o
                0x000000001000554c                pio_add_program
 .text.pio_claim_unused_sm
                0x0000000010005624       0x84 /tmp/ccxW9Zd7.ltrans0.ltrans.o
                0x0000000010005624                pio_claim_unused_sm
 .text.clock_get_hz
                0x00000000100056a8        0xc /tmp/ccxW9Zd7.ltrans0.ltrans.o
                0x00000000100056a8                clock_get_hz
 .text.split_shared_memory_lock
                0x00000000100056b4       0x80 /tmp/ccxW9Zd7.ltrans0.ltrans.o
                0x00000000100056b4                split_shared_memory_lock
 .text._fini    0x0000000010005734        0x2 /tmp/ccxW9Zd7.ltrans0.ltrans.o
                0x0000000010005734                _fini
 .text.shutdown_user
                0x0000000010005736        0x2 /tmp/ccxW9Zd7.ltrans0.ltrans.o
                0x0000000010005736                __cpu_init
 .text._getpid  0x0000000010005738        0x4 /tmp/ccxW9Zd7.ltrans0.ltrans.o
                0x0000000010005738                _getpid
 .text._kill    0x000000001000573c        0xc /tmp/ccxW9Zd7.ltrans0.ltrans.o
                0x000000001000573c                _kill
 .text._exit    0x0000000010005748        0xc /tmp/ccxW9Zd7.ltrans0.ltrans.o
                0x0000000010005748                _exit
 .text._isatty_r
                0x0000000010005754        0x4 /tmp/ccxW9Zd7.ltrans0.ltrans.o
                0x0000000010005754                _isatty_r
 .text._fstat_r
                0x0000000010005758       0x18 /tmp/ccxW9Zd7.ltrans0.ltrans.o
                0x0000000010005758                _fstat_r
 .text._sbrk_r  0x0000000010005770       0x3c /tmp/ccxW9Zd7.ltrans0.ltrans.o
                0x0000000010005770                _sbrk_r
 .text._close_r
                0x00000000100057ac        0x4 /tmp/ccxW9Zd7.ltrans0.ltrans.o
                0x00000000100057ac                _close_r
 .text._write_r
                0x00000000100057b0        0x4 /tmp/ccxW9Zd7.ltrans0.ltrans.o
                0x00000000100057b0                _write_r
 .text._lseek_r
                0x00000000100057b4        0x4 /tmp/ccxW9Zd7.ltrans0.ltrans.o
                0x00000000100057b4                _lseek_r
 .text._read_r  0x00000000100057b8        0xa /tmp/ccxW9Zd7.ltrans0.ltrans.o
                0x00000000100057b8                _read_r
 *fill*         0x00000000100057c2        0x2 
 .text.nvicEnableVector
                0x00000000100057c4       0x40 /tmp/ccxW9Zd7.ltrans0.ltrans.o
                0x00000000100057c4                nvicEnableVector
 .text.usb_lld_start.part.3
                0x0000000010005804       0x6c /tmp/ccxW9Zd7.ltrans0.ltrans.o
 .text.i2cStop  0x0000000010005870       0xc4 /tmp/ccxW9Zd7.ltrans0.ltrans.o
                0x0000000010005870                i2cStop
 .text.i2cStart
                0x0000000010005934      0x110 /tmp/ccxW9Zd7.ltrans0.ltrans.o
                0x0000000010005934                i2cStart
 .text.__port_spinlock_release
                0x0000000010005a44       0x10 /tmp/ccxW9Zd7.ltrans0.ltrans.o
                0x0000000010005a44                __port_spinlock_release
 .text.__port_irq_epilogue
                0x0000000010005a54       0x4c /tmp/ccxW9Zd7.ltrans0.ltrans.o
                0x0000000010005a54                __port_irq_epilogue
 .text.Vector4C
                0x0000000010005aa0       0x28 /tmp/ccxW9Zd7.ltrans0.ltrans.o
                0x0000000010005aa0                Vector4C
 .text.Vector48
                0x0000000010005ac8       0x28 /tmp/ccxW9Zd7.ltrans0.ltrans.o
                0x0000000010005ac8                Vector48
 .text.Vector44
                0x0000000010005af0       0x24 /tmp/ccxW9Zd7.ltrans0.ltrans.o
                0x0000000010005af0                Vector44
 .text.Vector40
                0x0000000010005b14       0x24 /tmp/ccxW9Zd7.ltrans0.ltrans.o
                0x0000000010005b14                Vector40
 .text.Vector70
                0x0000000010005b38       0x34 /tmp/ccxW9Zd7.ltrans0.ltrans.o
                0x0000000010005b38                Vector70
 .text.Vector6C
                0x0000000010005b6c       0x34 /tmp/ccxW9Zd7.ltrans0.ltrans.o
                0x0000000010005b6c                Vector6C
 .text.Vector80
                0x0000000010005ba0       0x3c /tmp/ccxW9Zd7.ltrans0.ltrans.o
                0x0000000010005ba0                Vector80
 .text.Vector7C
                0x0000000010005bdc       0x20 /tmp/ccxW9Zd7.ltrans0.ltrans.o
                0x0000000010005bdc                Vector7C
 .text.NMI_Handler
                0x0000000010005bfc       0x12 /tmp/ccxW9Zd7.ltrans0.ltrans.o
                0x0000000010005bfc                NMI_Handler
 .text.chThdResumeI
                0x0000000010005c0e       0x16 /tmp/ccxW9Zd7.ltrans0.ltrans.o
                0x0000000010005c0e                chThdResumeI
 .text.Vector54
                0x0000000010005c24      0x2a8 /tmp/ccxW9Zd7.ltrans0.ltrans.o
                0x0000000010005c24                Vector54
 .text.VectorA0
                0x0000000010005ecc      0x15c /tmp/ccxW9Zd7.ltrans0.ltrans.o
                0x0000000010005ecc                VectorA0
 .text._usb_ep0setup
                0x0000000010006028      0x3b8 /tmp/ccxW9Zd7.ltrans0.ltrans.o
 .text.chThdSuspendTimeoutS
                0x00000000100063e0       0x2c /tmp/ccxW9Zd7.ltrans0.ltrans.o
                0x00000000100063e0                chThdSuspendTimeoutS
 .text.i2cMasterTransmitTimeout
                0x000000001000640c       0xbc /tmp/ccxW9Zd7.ltrans0.ltrans.o
                0x000000001000640c                i2cMasterTransmitTimeout
 .text.send_extra
                0x00000000100064c8       0x44 /tmp/ccxW9Zd7.ltrans0.ltrans.o
 .text.send_mouse
                0x000000001000650c       0x44 /tmp/ccxW9Zd7.ltrans0.ltrans.o
 .text.send_keyboard
                0x0000000010006550       0x50 /tmp/ccxW9Zd7.ltrans0.ltrans.o
 .text.chThdSleep
                0x00000000100065a0       0x16 /tmp/ccxW9Zd7.ltrans0.ltrans.o
                0x00000000100065a0                chThdSleep
 *fill*         0x00000000100065b6        0x2 
 .text.qk_tap_dance_pair_reset
                0x00000000100065b8       0x24 /tmp/ccxW9Zd7.ltrans0.ltrans.o
 .text.tap_code
                0x00000000100065dc       0x2c /tmp/ccxW9Zd7.ltrans0.ltrans.o
 .text.send_string_with_delay.constprop.93
                0x0000000010006608       0xe0 /tmp/ccxW9Zd7.ltrans0.ltrans.o
 .text.perform_space_cadet.constprop.83
                0x00000000100066e8       0xa4 /tmp/ccxW9Zd7.ltrans0.ltrans.o
 .text.encoder_update_user
                0x000000001000678c       0x58 /tmp/ccxW9Zd7.ltrans0.ltrans.o
 .text.encoder_handlers_master
                0x00000000100067e4       0xb4 /tmp/ccxW9Zd7.ltrans0.ltrans.o
 .text.soft_reset_keyboard
                0x0000000010006898       0x2c /tmp/ccxW9Zd7.ltrans0.ltrans.o
 .text.chThdExit
                0x00000000100068c4       0x28 /tmp/ccxW9Zd7.ltrans0.ltrans.o
                0x00000000100068c4                chThdExit
 .text.chThdCreateStatic
                0x00000000100068ec       0x8c /tmp/ccxW9Zd7.ltrans0.ltrans.o
                0x00000000100068ec                chThdCreateStatic
 .text.__sch_reschedule_ahead
                0x0000000010006978       0x34 /tmp/ccxW9Zd7.ltrans0.ltrans.o
                0x0000000010006978                chSchDoPreemption
 .text.chSchRescheduleS
                0x00000000100069ac       0x28 /tmp/ccxW9Zd7.ltrans0.ltrans.o
 .text.usbStop.constprop.107
                0x00000000100069d4       0x98 /tmp/ccxW9Zd7.ltrans0.ltrans.o
 .text.is_keyboard_master
                0x0000000010006a6c       0x5c /tmp/ccxW9Zd7.ltrans0.ltrans.o
 .text.host_keyboard_leds
                0x0000000010006ac8       0x1c /tmp/ccxW9Zd7.ltrans0.ltrans.o
 .text.sync_timer_read32
                0x0000000010006ae4       0x20 /tmp/ccxW9Zd7.ltrans0.ltrans.o
 .text.sync_timer_handlers_master
                0x0000000010006b04       0x40 /tmp/ccxW9Zd7.ltrans0.ltrans.o
 .text.sync_timer_read
                0x0000000010006b44       0x18 /tmp/ccxW9Zd7.ltrans0.ltrans.o
 .text.rgblight_timer_enable
                0x0000000010006b5c       0x3c /tmp/ccxW9Zd7.ltrans0.ltrans.o
 .text.split_shared_memory_unlock
                0x0000000010006b98       0x68 /tmp/ccxW9Zd7.ltrans0.ltrans.o
                0x0000000010006b98                split_shared_memory_unlock
 .text.chSysPolledDelayX
                0x0000000010006c00       0x14 /tmp/ccxW9Zd7.ltrans0.ltrans.o
                0x0000000010006c00                chSysPolledDelayX
 .text.rgblight_set
                0x0000000010006c14      0x3e0 /tmp/ccxW9Zd7.ltrans0.ltrans.o
 .text.rgblight_setrgb.part.4
                0x0000000010006ff4       0x30 /tmp/ccxW9Zd7.ltrans0.ltrans.o
 .text.rgblight_effect_rgbtest
                0x0000000010007024       0x68 /tmp/ccxW9Zd7.ltrans0.ltrans.o
 .text.rgblight_effect_rainbow_mood
                0x000000001000708c       0x38 /tmp/ccxW9Zd7.ltrans0.ltrans.o
 .text.rgblight_effect_twinkle
                0x00000000100070c4      0x140 /tmp/ccxW9Zd7.ltrans0.ltrans.o
 .text.rgblight_effect_alternating
                0x0000000010007204       0x64 /tmp/ccxW9Zd7.ltrans0.ltrans.o
 .text.rgblight_effect_christmas
                0x0000000010007268       0xa4 /tmp/ccxW9Zd7.ltrans0.ltrans.o
 .text.rgblight_effect_knight
                0x000000001000730c       0xe0 /tmp/ccxW9Zd7.ltrans0.ltrans.o
 .text.rgblight_effect_snake
                0x00000000100073ec       0xf4 /tmp/ccxW9Zd7.ltrans0.ltrans.o
 .text.rgblight_effect_rainbow_swirl
                0x00000000100074e0       0x64 /tmp/ccxW9Zd7.ltrans0.ltrans.o
 .text.rgblight_sethsv_eeprom_helper
                0x0000000010007544       0xfc /tmp/ccxW9Zd7.ltrans0.ltrans.o
 .text.rgblight_decrease_val
                0x0000000010007640       0x24 /tmp/ccxW9Zd7.ltrans0.ltrans.o
 .text.rgblight_increase_val
                0x0000000010007664       0x24 /tmp/ccxW9Zd7.ltrans0.ltrans.o
 .text.rgblight_decrease_sat
                0x0000000010007688       0x24 /tmp/ccxW9Zd7.ltrans0.ltrans.o
 .text.rgblight_increase_sat
                0x00000000100076ac       0x24 /tmp/ccxW9Zd7.ltrans0.ltrans.o
 .text.rgblight_decrease_hue
                0x00000000100076d0       0x1c /tmp/ccxW9Zd7.ltrans0.ltrans.o
 .text.rgblight_increase_hue
                0x00000000100076ec       0x1c /tmp/ccxW9Zd7.ltrans0.ltrans.o
 .text.rgblight_mode_eeprom_helper
                0x0000000010007708       0x7c /tmp/ccxW9Zd7.ltrans0.ltrans.o
 .text.rgblight_step_reverse
                0x0000000010007784       0x20 /tmp/ccxW9Zd7.ltrans0.ltrans.o
 .text.rgblight_step
                0x00000000100077a4       0x1c /tmp/ccxW9Zd7.ltrans0.ltrans.o
 .text.handleKeycodeRGBMode
                0x00000000100077c0       0x28 /tmp/ccxW9Zd7.ltrans0.ltrans.o
 .text.rgblight_disable_noeeprom
                0x00000000100077e8       0x28 /tmp/ccxW9Zd7.ltrans0.ltrans.o
 .text.process_record
                0x0000000010007810      0xc30 /tmp/ccxW9Zd7.ltrans0.ltrans.o
 .text.waiting_buffer_scan_tap
                0x0000000010008440       0x98 /tmp/ccxW9Zd7.ltrans0.ltrans.o
 .text.process_tapping
                0x00000000100084d8      0x328 /tmp/ccxW9Zd7.ltrans0.ltrans.o
 .text.action_exec
                0x0000000010008800      0x16c /tmp/ccxW9Zd7.ltrans0.ltrans.o
 .text.transaction_handler_master.isra.2
                0x000000001000896c       0x4c /tmp/ccxW9Zd7.ltrans0.ltrans.o
 .text.matrix_scan
                0x00000000100089b8      0x4f0 /tmp/ccxW9Zd7.ltrans0.ltrans.o
 .text.__init_ram_areas
                0x0000000010008ea8       0x30 /tmp/ccxW9Zd7.ltrans0.ltrans.o
                0x0000000010008ea8                __init_ram_areas
 .text.__default_exit
                0x0000000010008ed8        0x2 /tmp/ccxW9Zd7.ltrans0.ltrans.o
                0x0000000010008ed8                __default_exit
 .text.__early_init
                0x0000000010008eda        0x2 /tmp/ccxW9Zd7.ltrans0.ltrans.o
                0x0000000010008eda                __early_init
 .text.__late_init
                0x0000000010008edc       0x44 /tmp/ccxW9Zd7.ltrans0.ltrans.o
                0x0000000010008edc                __late_init
 .text.startup.main
                0x0000000010008f20     0x1398 /tmp/ccxW9Zd7.ltrans0.ltrans.o
                0x0000000010008f20                main
 .text.SlaveThread
                0x000000001000a2b8       0xb4 .build/obj_sofle_rev1_EGF2/serial_protocol.a(serial_protocol.o)
 .text.soft_serial_target_init
                0x000000001000a36c       0x24 .build/obj_sofle_rev1_EGF2/serial_protocol.a(serial_protocol.o)
                0x000000001000a36c                soft_serial_target_init
 .text.soft_serial_initiator_init
                0x000000001000a390        0x8 .build/obj_sofle_rev1_EGF2/serial_protocol.a(serial_protocol.o)
                0x000000001000a390                soft_serial_initiator_init
 .text.soft_serial_transaction
                0x000000001000a398       0xa0 .build/obj_sofle_rev1_EGF2/serial_protocol.a(serial_protocol.o)
                0x000000001000a398                soft_serial_transaction
 .text.port_lock
                0x000000001000a438       0x16 .build/obj_sofle_rev1_EGF2/serial_vendor.a(serial_vendor.o)
 .text.port_unlock
                0x000000001000a44e       0x12 .build/obj_sofle_rev1_EGF2/serial_vendor.a(serial_vendor.o)
 .text.sm_config_set_clkdiv
                0x000000001000a460       0x3a .build/obj_sofle_rev1_EGF2/serial_vendor.a(serial_vendor.o)
 *fill*         0x000000001000a49a        0x2 
 .text.pio_sm_set_enabled.constprop.22
                0x000000001000a49c       0x18 .build/obj_sofle_rev1_EGF2/serial_vendor.a(serial_vendor.o)
 .text.receive_impl
                0x000000001000a4b4       0xc4 .build/obj_sofle_rev1_EGF2/serial_vendor.a(serial_vendor.o)
 .text.Vector5C
                0x000000001000a578       0x9c .build/obj_sofle_rev1_EGF2/serial_vendor.a(serial_vendor.o)
                0x000000001000a578                Vector5C
 .text.serial_transport_driver_clear
                0x000000001000a614       0x44 .build/obj_sofle_rev1_EGF2/serial_vendor.a(serial_vendor.o)
                0x000000001000a614                serial_transport_driver_clear
 .text.hot.serial_transport_send
                0x000000001000a658       0xcc .build/obj_sofle_rev1_EGF2/serial_vendor.a(serial_vendor.o)
                0x000000001000a658                serial_transport_send
 .text.hot.serial_transport_receive
                0x000000001000a724       0x10 .build/obj_sofle_rev1_EGF2/serial_vendor.a(serial_vendor.o)
                0x000000001000a724                serial_transport_receive
 .text.hot.serial_transport_receive_blocking
                0x000000001000a734        0xc .build/obj_sofle_rev1_EGF2/serial_vendor.a(serial_vendor.o)
                0x000000001000a734                serial_transport_receive_blocking
 .text.serial_transport_driver_slave_init
                0x000000001000a740      0x1cc .build/obj_sofle_rev1_EGF2/serial_vendor.a(serial_vendor.o)
                0x000000001000a740                serial_transport_driver_slave_init
 .text.serial_transport_driver_master_init
                0x000000001000a90c        0x8 .build/obj_sofle_rev1_EGF2/serial_vendor.a(serial_vendor.o)
                0x000000001000a90c                serial_transport_driver_master_init
 .text.i2c_init
                0x000000001000a914       0x54 .build/obj_sofle_rev1_EGF2/i2c_master.a(i2c_master.o)
                0x000000001000a914                i2c_init
 .text.i2c_stop
                0x000000001000a968       0x10 .build/obj_sofle_rev1_EGF2/i2c_master.a(i2c_master.o)
                0x000000001000a968                i2c_stop
 .text.i2c_epilogue
                0x000000001000a978       0x1a .build/obj_sofle_rev1_EGF2/i2c_master.a(i2c_master.o)
 *fill*         0x000000001000a992        0x2 
 .text.i2c_transmit
                0x000000001000a994       0x6c .build/obj_sofle_rev1_EGF2/i2c_master.a(i2c_master.o)
                0x000000001000a994                i2c_transmit
 .text.i2c_writeReg
                0x000000001000aa00       0x9c .build/obj_sofle_rev1_EGF2/i2c_master.a(i2c_master.o)
                0x000000001000aa00                i2c_writeReg
 *fill*         0x000000001000aa9c        0x4 
 .text.i2c_writeReg.__stub
                0x000000001000aaa0       0xa0 linker stubs
 *(.glue_7t)
 .glue_7t       0x000000001000ab40        0x0 linker stubs
 *(.glue_7)
 .glue_7        0x000000001000ab40        0x0 linker stubs
 *(.gcc*)
                0x000000001000ab40                __text_end__ = .

.vfp11_veneer   0x000000001000ab40        0x0
 .vfp11_veneer  0x000000001000ab40        0x0 linker stubs

.v4_bx          0x000000001000ab40        0x0
 .v4_bx         0x000000001000ab40        0x0 linker stubs

.iplt           0x000000001000ab40        0x0
 .iplt          0x000000001000ab40        0x0 .build/obj_sofle_rev1_EGF2/serial_protocol.a(serial_protocol.o)

.rodata         0x000000001000ab40     0x1708
                0x000000001000ab40                __rodata_base__ = .
 *(.rodata)
 .rodata        0x000000001000ab40       0xac /usr/lib/gcc/arm-none-eabi/8.3.1/thumb/v6-m/nofp/libgcc.a(divsf3.o)
 .rodata        0x000000001000abec       0x40 /usr/lib/gcc/arm-none-eabi/8.3.1/thumb/v6-m/nofp/libgcc.a(mulsf3.o)
 .rodata        0x000000001000ac2c      0x101 /usr/lib/gcc/arm-none-eabi/8.3.1/../../../arm-none-eabi/lib/thumb/v6-m/nofp/libg_nano.a(lib_a-ctype_.o)
                0x000000001000ac2c                _ctype_
 *fill*         0x000000001000ad2d        0x3 
 .rodata        0x000000001000ad30        0x4 /usr/lib/gcc/arm-none-eabi/8.3.1/../../../arm-none-eabi/lib/thumb/v6-m/nofp/libg_nano.a(lib_a-impure.o)
                0x000000001000ad30                _global_impure_ptr
 .rodata        0x000000001000ad34       0x60 /usr/lib/gcc/arm-none-eabi/8.3.1/../../../arm-none-eabi/lib/thumb/v6-m/nofp/libg_nano.a(lib_a-findfp.o)
                0x000000001000ad34                __sf_fake_stderr
                0x000000001000ad54                __sf_fake_stdout
                0x000000001000ad74                __sf_fake_stdin
 *(.rodata.*)
 .rodata.rgblight_effect_twinkle.cst1
                0x000000001000ad94        0x1 /tmp/ccxW9Zd7.ltrans0.ltrans.o
 .rodata.CIE1931_CURVE
                0x000000001000ad95      0x100 /tmp/ccxW9Zd7.ltrans0.ltrans.o
 *fill*         0x000000001000ae95        0x3 
 .rodata.CSWTCH.0
                0x000000001000ae98        0xc /tmp/ccxW9Zd7.ltrans0.ltrans.o
 .rodata.CSWTCH.1
                0x000000001000aea4        0x3 /tmp/ccxW9Zd7.ltrans0.ltrans.o
 .rodata.CSWTCH.26
                0x000000001000aea7        0x3 /tmp/ccxW9Zd7.ltrans0.ltrans.o
 .rodata.CSWTCH.27
                0x000000001000aeaa       0x32 /tmp/ccxW9Zd7.ltrans0.ltrans.o
 .rodata.ConfigurationDescriptor
                0x000000001000aedc       0x3b /tmp/ccxW9Zd7.ltrans0.ltrans.o
 .rodata.DeviceDescriptor
                0x000000001000af17       0x12 /tmp/ccxW9Zd7.ltrans0.ltrans.o
 .rodata.KeyboardReport
                0x000000001000af29       0x40 /tmp/ccxW9Zd7.ltrans0.ltrans.o
 .rodata.LanguageString
                0x000000001000af69        0x4 /tmp/ccxW9Zd7.ltrans0.ltrans.o
 .rodata.ManufacturerString
                0x000000001000af6d       0x1c /tmp/ccxW9Zd7.ltrans0.ltrans.o
 .rodata.ProductString
                0x000000001000af89        0xe /tmp/ccxW9Zd7.ltrans0.ltrans.o
 .rodata.RGBLED_GRADIENT_RANGES
                0x000000001000af97        0x5 /tmp/ccxW9Zd7.ltrans0.ltrans.o
 .rodata.RGBLED_KNIGHT_INTERVALS
                0x000000001000af9c        0x3 /tmp/ccxW9Zd7.ltrans0.ltrans.o
 .rodata.RGBLED_RAINBOW_MOOD_INTERVALS
                0x000000001000af9f        0x3 /tmp/ccxW9Zd7.ltrans0.ltrans.o
 .rodata.RGBLED_RAINBOW_SWIRL_INTERVALS
                0x000000001000afa2        0x3 /tmp/ccxW9Zd7.ltrans0.ltrans.o
 .rodata.RGBLED_SNAKE_INTERVALS
                0x000000001000afa5        0x3 /tmp/ccxW9Zd7.ltrans0.ltrans.o
 .rodata.RGBLED_TWINKLE_INTERVALS
                0x000000001000afa8        0x3 /tmp/ccxW9Zd7.ltrans0.ltrans.o
 .rodata.SharedReport
                0x000000001000afab       0x7b /tmp/ccxW9Zd7.ltrans0.ltrans.o
 .rodata.Vector80.str1.1
                0x000000001000b026        0xd /tmp/ccxW9Zd7.ltrans0.ltrans.o
 *fill*         0x000000001000b033        0x1 
 .rodata.__rp_dma_channels
                0x000000001000b034       0xc0 /tmp/ccxW9Zd7.ltrans0.ltrans.o
 .rodata._exit.str1.1
                0x000000001000b0f4        0x5 /tmp/ccxW9Zd7.ltrans0.ltrans.o
 .rodata._kill.str1.1
                0x000000001000b0f9        0x5 /tmp/ccxW9Zd7.ltrans0.ltrans.o
 .rodata.active_status
                0x000000001000b0fe        0x2 /tmp/ccxW9Zd7.ltrans0.ltrans.o
 .rodata.alarm_irqs
                0x000000001000b100       0x20 /tmp/ccxW9Zd7.ltrans0.ltrans.o
 .rodata.ascii_to_altgr_lut
                0x000000001000b120       0x10 /tmp/ccxW9Zd7.ltrans0.ltrans.o
 .rodata.ascii_to_keycode_lut
                0x000000001000b130       0x80 /tmp/ccxW9Zd7.ltrans0.ltrans.o
 .rodata.ascii_to_shift_lut
                0x000000001000b1b0       0x10 /tmp/ccxW9Zd7.ltrans0.ltrans.o
 .rodata.ch_core0_cfg
                0x000000001000b1c0        0xc /tmp/ccxW9Zd7.ltrans0.ltrans.o
 .rodata.col_pins
                0x000000001000b1cc       0x18 /tmp/ccxW9Zd7.ltrans0.ltrans.o
 .rodata.display_flipped.4974
                0x000000001000b1e4        0x3 /tmp/ccxW9Zd7.ltrans0.ltrans.o
 .rodata.display_normal.4973
                0x000000001000b1e7        0x3 /tmp/ccxW9Zd7.ltrans0.ltrans.o
 .rodata.display_off.5120
                0x000000001000b1ea        0x2 /tmp/ccxW9Zd7.ltrans0.ltrans.o
 .rodata.display_on.5116
                0x000000001000b1ec        0x2 /tmp/ccxW9Zd7.ltrans0.ltrans.o
 .rodata.display_setup1.4972
                0x000000001000b1ee        0xd /tmp/ccxW9Zd7.ltrans0.ltrans.o
 .rodata.display_setup2.4975
                0x000000001000b1fb        0xd /tmp/ccxW9Zd7.ltrans0.ltrans.o
 .rodata.encoder_LUT
                0x000000001000b208       0x10 /tmp/ccxW9Zd7.ltrans0.ltrans.o
 .rodata.ep0config
                0x000000001000b218       0x1c /tmp/ccxW9Zd7.ltrans0.ltrans.o
 .rodata.font   0x000000001000b234      0x540 /tmp/ccxW9Zd7.ltrans0.ltrans.o
 .rodata.halted_status
                0x000000001000b774        0x2 /tmp/ccxW9Zd7.ltrans0.ltrans.o
 .rodata.hand_swap_config
                0x000000001000b776       0x78 /tmp/ccxW9Zd7.ltrans0.ltrans.o
 *fill*         0x000000001000b7ee        0x2 
 .rodata.kbd_ep_config
                0x000000001000b7f0       0x1c /tmp/ccxW9Zd7.ltrans0.ltrans.o
 .rodata.keymaps
                0x000000001000b80c      0x2d0 /tmp/ccxW9Zd7.ltrans0.ltrans.o
 .rodata.layer_VOU_lights
                0x000000001000badc       0x23 /tmp/ccxW9Zd7.ltrans0.ltrans.o
 .rodata.layer_fkey_lights
                0x000000001000baff       0x37 /tmp/ccxW9Zd7.ltrans0.ltrans.o
 .rodata.layer_level3_lights
                0x000000001000bb36        0xf /tmp/ccxW9Zd7.ltrans0.ltrans.o
 .rodata.layer_level4_lights
                0x000000001000bb45       0x41 /tmp/ccxW9Zd7.ltrans0.ltrans.o
 .rodata.layer_qwertz_lights
                0x000000001000bb86       0x14 /tmp/ccxW9Zd7.ltrans0.ltrans.o
 .rodata.layer_vou_lights
                0x000000001000bb9a       0x23 /tmp/ccxW9Zd7.ltrans0.ltrans.o
 .rodata.main.str1.1
                0x000000001000bbbd       0x42 /tmp/ccxW9Zd7.ltrans0.ltrans.o
 .rodata.mode_base_table
                0x000000001000bbff       0x27 /tmp/ccxW9Zd7.ltrans0.ltrans.o
 *fill*         0x000000001000bc26        0x2 
 .rodata.my_rgb_layers
                0x000000001000bc28       0x1c /tmp/ccxW9Zd7.ltrans0.ltrans.o
 .rodata.pio_add_program.str1.1
                0x000000001000bc44       0x11 /tmp/ccxW9Zd7.ltrans0.ltrans.o
 .rodata.pio_claim_unused_sm.str1.1
                0x000000001000bc55       0x24 /tmp/ccxW9Zd7.ltrans0.ltrans.o
 .rodata.process_record.str1.1
                0x000000001000bc79      0x2b4 /tmp/ccxW9Zd7.ltrans0.ltrans.o
 .rodata.qmk_logo.12709
                0x000000001000bf2d       0x40 /tmp/ccxW9Zd7.ltrans0.ltrans.o
 *fill*         0x000000001000bf6d        0x3 
 .rodata.ram_areas
                0x000000001000bf70       0x80 /tmp/ccxW9Zd7.ltrans0.ltrans.o
 .rodata.rgblight_effect_breathe_table
                0x000000001000bff0      0x100 /tmp/ccxW9Zd7.ltrans0.ltrans.o
 .rodata.row_pins
                0x000000001000c0f0       0x14 /tmp/ccxW9Zd7.ltrans0.ltrans.o
 .rodata.shared_ep_config
                0x000000001000c104       0x1c /tmp/ccxW9Zd7.ltrans0.ltrans.o
 .rodata.source_map.5023
                0x000000001000c120        0x4 /tmp/ccxW9Zd7.ltrans0.ltrans.o
 .rodata.split_shmem
                0x000000001000c124        0x4 /tmp/ccxW9Zd7.ltrans0.ltrans.o
                0x000000001000c124                split_shmem
 .rodata.str1.1
                0x000000001000c128        0x3 /tmp/ccxW9Zd7.ltrans0.ltrans.o
 .rodata.target_map.5024
                0x000000001000c12b        0x4 /tmp/ccxW9Zd7.ltrans0.ltrans.o
 *fill*         0x000000001000c12f        0x1 
 .rodata.usbcfg
                0x000000001000c130       0x10 /tmp/ccxW9Zd7.ltrans0.ltrans.o
 .rodata.ws2812_program
                0x000000001000c140        0x6 /tmp/ccxW9Zd7.ltrans0.ltrans.o
 .rodata.ws2812_program_instructions
                0x000000001000c146        0xc /tmp/ccxW9Zd7.ltrans0.ltrans.o
 .rodata.zero_status
                0x000000001000c152        0x2 /tmp/ccxW9Zd7.ltrans0.ltrans.o
 .rodata.uart_rx_program
                0x000000001000c154        0x6 .build/obj_sofle_rev1_EGF2/serial_vendor.a(serial_vendor.o)
 .rodata.uart_rx_program_instructions
                0x000000001000c15a       0x12 .build/obj_sofle_rev1_EGF2/serial_vendor.a(serial_vendor.o)
 .rodata.uart_tx_program
                0x000000001000c16c        0x6 .build/obj_sofle_rev1_EGF2/serial_vendor.a(serial_vendor.o)
 .rodata.uart_tx_program_instructions
                0x000000001000c172        0x8 .build/obj_sofle_rev1_EGF2/serial_vendor.a(serial_vendor.o)
 *fill*         0x000000001000c17a        0x2 
 .rodata.i2cconfig
                0x000000001000c17c        0x4 .build/obj_sofle_rev1_EGF2/i2c_master.a(i2c_master.o)
 .rodata.str1.4
                0x000000001000c180       0x4a /usr/lib/gcc/arm-none-eabi/8.3.1/../../../arm-none-eabi/lib/thumb/v6-m/nofp/libg_nano.a(lib_a-rand.o)
 *fill*         0x000000001000c1ca        0x2 
 .rodata.str1.4
                0x000000001000c1cc       0x3f /usr/lib/gcc/arm-none-eabi/8.3.1/../../../arm-none-eabi/lib/thumb/v6-m/nofp/libg_nano.a(lib_a-assert.o)
                                         0x43 (size before relaxing)
 *fill*         0x000000001000c20b        0x1 
 .rodata.str1.4
                0x000000001000c20c       0x13 /usr/lib/gcc/arm-none-eabi/8.3.1/../../../arm-none-eabi/lib/thumb/v6-m/nofp/libg_nano.a(lib_a-nano-vfprintf.o)
 *fill*         0x000000001000c21f        0x1 
 .rodata.str1.4
                0x000000001000c220       0x25 /usr/lib/gcc/arm-none-eabi/8.3.1/../../../arm-none-eabi/lib/thumb/v6-m/nofp/libg_nano.a(lib_a-nano-vfprintf_i.o)
                0x000000001000c248                . = ALIGN (0x4)
 *fill*         0x000000001000c245        0x3 
                0x000000001000c248                __rodata_end__ = .

.rel.dyn        0x000000001000c248        0x0
 .rel.iplt      0x000000001000c248        0x0 .build/obj_sofle_rev1_EGF2/serial_protocol.a(serial_protocol.o)

.ARM.extab
 *(.ARM.extab* .gnu.linkonce.armextab.*)

.ARM.exidx      0x000000001000c248        0x0
                0x000000001000c248                __exidx_base__ = .
                0x000000001000c248                __exidx_start = .
 *(.ARM.exidx* .gnu.linkonce.armexidx.*)
                0x000000001000c248                __exidx_end__ = .
                0x000000001000c248                __exidx_end = .

.eh_frame_hdr
 *(.eh_frame_hdr)

.eh_frame
 *(.eh_frame)

.data           0x0000000020000000      0x97c load address 0x000000001000c248
                [!provide]                        PROVIDE (_textdata = LOADADDR (.data))
                [!provide]                        PROVIDE (_data = .)
                0x000000001000c248                __textdata_base__ = LOADADDR (.data)
                0x0000000020000000                __data_base__ = .
 *(vtable)
 *(.time_critical*)
 .time_critical.flash_enable_xip_via_boot2
                0x0000000020000000       0x20 /tmp/ccxW9Zd7.ltrans0.ltrans.o
 .time_critical.flash_init_boot2_copyout
                0x0000000020000020       0x30 /tmp/ccxW9Zd7.ltrans0.ltrans.o
 .time_critical.flash_range_erase
                0x0000000020000050       0x60 /tmp/ccxW9Zd7.ltrans0.ltrans.o
 .time_critical.flash_was_aborted
                0x00000000200000b0       0x10 /tmp/ccxW9Zd7.ltrans0.ltrans.o
 .time_critical.flash_cs_force
                0x00000000200000c0       0x24 /tmp/ccxW9Zd7.ltrans0.ltrans.o
 .time_critical.flash_put_cmd_addr
                0x00000000200000e4       0x24 /tmp/ccxW9Zd7.ltrans0.ltrans.o
 .time_critical.flash_put_get
                0x0000000020000108       0x6a /tmp/ccxW9Zd7.ltrans0.ltrans.o
 .time_critical._flash_do_cmd
                0x0000000020000172       0x22 /tmp/ccxW9Zd7.ltrans0.ltrans.o
 .time_critical.flash_enable_write
                0x0000000020000194        0xe /tmp/ccxW9Zd7.ltrans0.ltrans.o
 .time_critical.flash_wait_ready
                0x00000000200001a2       0x22 /tmp/ccxW9Zd7.ltrans0.ltrans.o
 .time_critical.pico_program_bulk
                0x00000000200001c4       0x94 /tmp/ccxW9Zd7.ltrans0.ltrans.o
 .time_critical.enter_rx_state
                0x0000000020000258       0x68 .build/obj_sofle_rev1_EGF2/serial_vendor.a(serial_vendor.o)
 .time_critical.leave_rx_state
                0x00000000200002c0       0x60 .build/obj_sofle_rev1_EGF2/serial_vendor.a(serial_vendor.o)
 .time_critical.__wrap___aeabi_idiv
                0x0000000020000320       0x40 .build/obj_sofle_rev1/./lib/pico-sdk/src/rp2_common/pico_divider/divider.o
                0x0000000020000320                __wrap___aeabi_idivmod
                0x0000000020000320                divmod_s32s32
                0x0000000020000320                div_s32s32
                0x0000000020000320                __wrap___aeabi_idiv
                0x0000000020000320                divmod_s32s32_unsafe
 .time_critical.__wrap___aeabi_uidiv
                0x0000000020000360       0x3c .build/obj_sofle_rev1/./lib/pico-sdk/src/rp2_common/pico_divider/divider.o
                0x0000000020000360                divmod_u32u32_unsafe
                0x0000000020000360                __wrap___aeabi_uidiv
                0x0000000020000360                __wrap___aeabi_uidivmod
                0x0000000020000360                div_u32u32
                0x0000000020000360                divmod_u32u32
 .time_critical.__wrap___aeabi_ldiv
                0x000000002000039c      0x3ec .build/obj_sofle_rev1/./lib/pico-sdk/src/rp2_common/pico_divider/divider.o
                0x000000002000039c                div_s64s64
                0x000000002000039c                divmod_s64s64
                0x000000002000039c                __wrap___aeabi_ldivmod
                0x00000000200003b0                div_u64u64
                0x00000000200003b0                divmod_u64u64
                0x00000000200003b0                __wrap___aeabi_uldivmod
                0x00000000200003c4                divmod_s64s64_unsafe
                0x000000002000044c                divmod_u64u64_unsafe
 .time_critical.__aeabi_lmul
                0x0000000020000788       0x32 .build/obj_sofle_rev1/./lib/pico-sdk/src/rp2_common/pico_int64_ops/pico_int64_ops_aeabi.o
                0x0000000020000788                __wrap___aeabi_lmul
 *fill*         0x00000000200007ba        0x6 
 .time_critical.__aeabi_lmul.__stub
                0x00000000200007c0       0x90 linker stubs
                0x0000000020000850                . = ALIGN (0x4)
 *fill*         0x0000000020000850        0x0 
 *(.data)
 .data          0x0000000020000850       0x64 /usr/lib/gcc/arm-none-eabi/8.3.1/../../../arm-none-eabi/lib/thumb/v6-m/nofp/libg_nano.a(lib_a-impure.o)
                0x0000000020000850                _impure_ptr
 *(.data.*)
 .data.SPLIT_SHARED_MEMORY_MUTEX
                0x00000000200008b4       0x10 /tmp/ccxW9Zd7.ltrans0.ltrans.o
 .data.STATE_MACHINE
                0x00000000200008c4        0x4 /tmp/ccxW9Zd7.ltrans0.ltrans.o
 .data.TRANSFER_COUNTER
                0x00000000200008c8        0xc /tmp/ccxW9Zd7.ltrans0.ltrans.o
 .data.__compound_literal.0.lto_priv.167
                0x00000000200008d4        0x4 /tmp/ccxW9Zd7.ltrans0.ltrans.o
 .data.chibios_driver
                0x00000000200008d8       0x10 /tmp/ccxW9Zd7.ltrans0.ltrans.o
 .data.display_start.5022
                0x00000000200008e8        0x7 /tmp/ccxW9Zd7.ltrans0.ltrans.o
 *fill*         0x00000000200008ef        0x1 
 .data.encoders_pad_a
                0x00000000200008f0        0x4 /tmp/ccxW9Zd7.ltrans0.ltrans.o
 .data.encoders_pad_b
                0x00000000200008f4        0x4 /tmp/ccxW9Zd7.ltrans0.ltrans.o
 .data.func     0x00000000200008f8        0x4 /tmp/ccxW9Zd7.ltrans0.ltrans.o
 .data.high_bound.6991
                0x00000000200008fc        0x1 /tmp/ccxW9Zd7.ltrans0.ltrans.o
 .data.increment.6992
                0x00000000200008fd        0x1 /tmp/ccxW9Zd7.ltrans0.ltrans.o
 .data.increment.7004
                0x00000000200008fe        0x1 /tmp/ccxW9Zd7.ltrans0.ltrans.o
 .data.isLeftHand
                0x00000000200008ff        0x1 /tmp/ccxW9Zd7.ltrans0.ltrans.o
 .data.keyboard_protocol
                0x0000000020000900        0x1 /tmp/ccxW9Zd7.ltrans0.ltrans.o
 .data.last_num.11986
                0x0000000020000901        0x1 /tmp/ccxW9Zd7.ltrans0.ltrans.o
 .data.periods  0x0000000020000902        0x1 /tmp/ccxW9Zd7.ltrans0.ltrans.o
 .data.rgblight_ranges
                0x0000000020000903        0x5 /tmp/ccxW9Zd7.ltrans0.ltrans.o
 .data.split_transaction_table
                0x0000000020000908       0x48 /tmp/ccxW9Zd7.ltrans0.ltrans.o
                0x0000000020000908                split_transaction_table
 .data.static_effect_table
                0x0000000020000950        0xb /tmp/ccxW9Zd7.ltrans0.ltrans.o
 *fill*         0x000000002000095b        0x1 
 .data.tap_dance_actions
                0x000000002000095c       0x18 /tmp/ccxW9Zd7.ltrans0.ltrans.o
 .data.rx_state_machine
                0x0000000020000974        0x4 .build/obj_sofle_rev1_EGF2/serial_vendor.a(serial_vendor.o)
 .data.tx_state_machine
                0x0000000020000978        0x4 .build/obj_sofle_rev1_EGF2/serial_vendor.a(serial_vendor.o)
 *(.ramtext)
                0x000000002000097c                . = ALIGN (0x4)
                [!provide]                        PROVIDE (_edata = .)
                0x000000002000097c                __data_end__ = .

.igot.plt       0x000000002000097c        0x0 load address 0x000000001000cbc4
 .igot.plt      0x000000002000097c        0x0 .build/obj_sofle_rev1_EGF2/serial_protocol.a(serial_protocol.o)

.bss            0x0000000020000980     0x2160 load address 0x000000001000cbc4
                0x0000000020000980                __bss_base__ = .
 *(.bss)
 .bss           0x0000000020000980        0x8 /usr/lib/gcc/arm-none-eabi/8.3.1/../../../arm-none-eabi/lib/thumb/v6-m/nofp/libg_nano.a(lib_a-nano-mallocr.o)
                0x0000000020000980                __malloc_free_list
                0x0000000020000984                __malloc_sbrk_start
 *(.bss.*)
 .bss.BOOT2_ROM_RAM
                0x0000000020000988      0x100 /tmp/ccxW9Zd7.ltrans0.ltrans.o
 .bss.LAST_TRANSFER
                0x0000000020000a88        0x4 /tmp/ccxW9Zd7.ltrans0.ltrans.o
 .bss.RP_DMA_MODE_WS2812
                0x0000000020000a8c        0x4 /tmp/ccxW9Zd7.ltrans0.ltrans.o
 .bss.SPID0     0x0000000020000a90       0x30 /tmp/ccxW9Zd7.ltrans0.ltrans.o
 .bss.USBD1     0x0000000020000ac0       0xe4 /tmp/ccxW9Zd7.ltrans0.ltrans.o
 .bss.WS2812_BUFFER
                0x0000000020000ba4      0x118 /tmp/ccxW9Zd7.ltrans0.ltrans.o
 .bss.WS2812_DMA_CHANNEL
                0x0000000020000cbc        0x4 /tmp/ccxW9Zd7.ltrans0.ltrans.o
 .bss.__compound_literal.0.lto_priv.168
                0x0000000020000cc0        0x8 /tmp/ccxW9Zd7.ltrans0.ltrans.o
 .bss._used_instruction_space
                0x0000000020000cc8        0x8 /tmp/ccxW9Zd7.ltrans0.ltrans.o
 .bss.active_td
                0x0000000020000cd0        0x2 /tmp/ccxW9Zd7.ltrans0.ltrans.o
 .bss.animation_status
                0x0000000020000cd2        0x6 /tmp/ccxW9Zd7.ltrans0.ltrans.o
 .bss.boot2_copyout
                0x0000000020000cd8      0x100 /tmp/ccxW9Zd7.ltrans0.ltrans.o
 .bss.boot2_copyout_valid
                0x0000000020000dd8        0x1 /tmp/ccxW9Zd7.ltrans0.ltrans.o
 .bss.buf.11985
                0x0000000020000dd9        0x4 /tmp/ccxW9Zd7.ltrans0.ltrans.o
 *fill*         0x0000000020000ddd        0x1 
 .bss.bulk_write_buffer.5480
                0x0000000020000dde       0x80 /tmp/ccxW9Zd7.ltrans0.ltrans.o
 *fill*         0x0000000020000e5e        0x2 
 .bss.ch_memcore
                0x0000000020000e60        0x8 /tmp/ccxW9Zd7.ltrans0.ltrans.o
 .bss.ch_system
                0x0000000020000e68       0x10 /tmp/ccxW9Zd7.ltrans0.ltrans.o
 .bss.claimed   0x0000000020000e78        0x1 /tmp/ccxW9Zd7.ltrans0.ltrans.o
 *fill*         0x0000000020000e79        0x3 
 .bss.configured_freq
                0x0000000020000e7c       0x28 /tmp/ccxW9Zd7.ltrans0.ltrans.o
 .bss.connection_check_timer.11949
                0x0000000020000ea4        0x2 /tmp/ccxW9Zd7.ltrans0.ltrans.o
 .bss.connection_errors
                0x0000000020000ea6        0x1 /tmp/ccxW9Zd7.ltrans0.ltrans.o
 .bss.current_period
                0x0000000020000ea7        0x1 /tmp/ccxW9Zd7.ltrans0.ltrans.o
 .bss.current_wpm
                0x0000000020000ea8        0x1 /tmp/ccxW9Zd7.ltrans0.ltrans.o
 .bss.debouncing
                0x0000000020000ea9        0x1 /tmp/ccxW9Zd7.ltrans0.ltrans.o
 *fill*         0x0000000020000eaa        0x2 
 .bss.debouncing_time
                0x0000000020000eac        0x4 /tmp/ccxW9Zd7.ltrans0.ltrans.o
 .bss.debug_config
                0x0000000020000eb0        0x1 /tmp/ccxW9Zd7.ltrans0.ltrans.o
 *fill*         0x0000000020000eb1        0x1 
 .bss.decay_timer.5042
                0x0000000020000eb2        0x2 /tmp/ccxW9Zd7.ltrans0.ltrans.o
 .bss.default_layer_state
                0x0000000020000eb4        0x2 /tmp/ccxW9Zd7.ltrans0.ltrans.o
 .bss.deferred_set_layer_state
                0x0000000020000eb6        0x1 /tmp/ccxW9Zd7.ltrans0.ltrans.o
 *fill*         0x0000000020000eb7        0x1 
 .bss.desc.10856
                0x0000000020000eb8        0x8 /tmp/ccxW9Zd7.ltrans0.ltrans.o
 .bss.dma       0x0000000020000ec0       0x68 /tmp/ccxW9Zd7.ltrans0.ltrans.o
 .bss.driver.lto_priv.163
                0x0000000020000f28        0x4 /tmp/ccxW9Zd7.ltrans0.ltrans.o
 .bss.driver.lto_priv.164
                0x0000000020000f2c        0x4 /tmp/ccxW9Zd7.ltrans0.ltrans.o
 .bss.encoder_pulses
                0x0000000020000f30        0x2 /tmp/ccxW9Zd7.ltrans0.ltrans.o
 .bss.encoder_state
                0x0000000020000f32        0x2 /tmp/ccxW9Zd7.ltrans0.ltrans.o
 .bss.encoder_value
                0x0000000020000f34        0x2 /tmp/ccxW9Zd7.ltrans0.ltrans.o
 *fill*         0x0000000020000f36        0x2 
 .bss.ep0_state
                0x0000000020000f38       0x40 /tmp/ccxW9Zd7.ltrans0.ltrans.o
 .bss.event_queue
                0x0000000020000f78       0x10 /tmp/ccxW9Zd7.ltrans0.ltrans.o
 .bss.event_queue_head
                0x0000000020000f88        0x1 /tmp/ccxW9Zd7.ltrans0.ltrans.o
 .bss.event_queue_tail
                0x0000000020000f89        0x1 /tmp/ccxW9Zd7.ltrans0.ltrans.o
 .bss.grave_esc_was_shifted
                0x0000000020000f8a        0x1 /tmp/ccxW9Zd7.ltrans0.ltrans.o
 *fill*         0x0000000020000f8b        0x1 
 .bss.interrupts
                0x0000000020000f8c        0x4 /tmp/ccxW9Zd7.ltrans0.ltrans.o
 .bss.is_initialized.12747
                0x0000000020000f90        0x1 /tmp/ccxW9Zd7.ltrans0.ltrans.o
 .bss.is_rgblight_initialized
                0x0000000020000f91        0x1 /tmp/ccxW9Zd7.ltrans0.ltrans.o
 .bss.is_suspended
                0x0000000020000f92        0x1 /tmp/ccxW9Zd7.ltrans0.ltrans.o
 *fill*         0x0000000020000f93        0x1 
 .bss.kbd_ep_state
                0x0000000020000f94       0x20 /tmp/ccxW9Zd7.ltrans0.ltrans.o
 .bss.keyboard_idle
                0x0000000020000fb4        0x1 /tmp/ccxW9Zd7.ltrans0.ltrans.o
 *fill*         0x0000000020000fb5        0x3 
 .bss.keyboard_idle_timer
                0x0000000020000fb8       0x18 /tmp/ccxW9Zd7.ltrans0.ltrans.o
 .bss.keyboard_led_state
                0x0000000020000fd0        0x1 /tmp/ccxW9Zd7.ltrans0.ltrans.o
 .bss.keyboard_report_sent
                0x0000000020000fd1        0x8 /tmp/ccxW9Zd7.ltrans0.ltrans.o
 *fill*         0x0000000020000fd9        0x1 
 .bss.keymap_config
                0x0000000020000fda        0x2 /tmp/ccxW9Zd7.ltrans0.ltrans.o
 .bss.last_connected.11994
                0x0000000020000fdc        0x1 /tmp/ccxW9Zd7.ltrans0.ltrans.o
 *fill*         0x0000000020000fdd        0x1 
 .bss.last_consumer_usage
                0x0000000020000fde        0x2 /tmp/ccxW9Zd7.ltrans0.ltrans.o
 .bss.last_led_status.10069
                0x0000000020000fe0        0x1 /tmp/ccxW9Zd7.ltrans0.ltrans.o
 .bss.last_matrix.12009
                0x0000000020000fe1        0x5 /tmp/ccxW9Zd7.ltrans0.ltrans.o
 .bss.last_pad.11987
                0x0000000020000fe6        0x1 /tmp/ccxW9Zd7.ltrans0.ltrans.o
 .bss.last_report.6797
                0x0000000020000fe7        0x8 /tmp/ccxW9Zd7.ltrans0.ltrans.o
 .bss.last_suspend_state
                0x0000000020000fef        0x1 /tmp/ccxW9Zd7.ltrans0.ltrans.o
 .bss.last_sync_timer.12071
                0x0000000020000ff0        0x4 /tmp/ccxW9Zd7.ltrans0.ltrans.o
 .bss.last_system_usage
                0x0000000020000ff4        0x2 /tmp/ccxW9Zd7.ltrans0.ltrans.o
 .bss.last_tap_time
                0x0000000020000ff6        0x2 /tmp/ccxW9Zd7.ltrans0.ltrans.o
 .bss.last_tick.12025
                0x0000000020000ff8        0x2 /tmp/ccxW9Zd7.ltrans0.ltrans.o
 *fill*         0x0000000020000ffa        0x2 
 .bss.last_ticks
                0x0000000020000ffc        0x4 /tmp/ccxW9Zd7.ltrans0.ltrans.o
 .bss.last_timer_c
                0x0000000020001000        0x2 /tmp/ccxW9Zd7.ltrans0.ltrans.o
 .bss.last_timer_w
                0x0000000020001002        0x2 /tmp/ccxW9Zd7.ltrans0.ltrans.o
 .bss.last_update.12008
                0x0000000020001004        0x4 /tmp/ccxW9Zd7.ltrans0.ltrans.o
 .bss.last_update.12020
                0x0000000020001008        0x4 /tmp/ccxW9Zd7.ltrans0.ltrans.o
 .bss.last_update.12064
                0x000000002000100c        0x4 /tmp/ccxW9Zd7.ltrans0.ltrans.o
 .bss.last_update.12076
                0x0000000020001010        0x4 /tmp/ccxW9Zd7.ltrans0.ltrans.o
 .bss.layer_state
                0x0000000020001014        0x2 /tmp/ccxW9Zd7.ltrans0.ltrans.o
 .bss.led       0x0000000020001016       0xd2 /tmp/ccxW9Zd7.ltrans0.ltrans.o
 .bss.led_twinkle_state
                0x00000000200010e8      0x15e /tmp/ccxW9Zd7.ltrans0.ltrans.o
 .bss.low_bound.6990
                0x0000000020001246        0x1 /tmp/ccxW9Zd7.ltrans0.ltrans.o
 .bss.matrix    0x0000000020001247        0xa /tmp/ccxW9Zd7.ltrans0.ltrans.o
 .bss.matrix_previous.12032
                0x0000000020001251        0xa /tmp/ccxW9Zd7.ltrans0.ltrans.o
 .bss.matrix_swap_state.10783
                0x000000002000125b        0x8 /tmp/ccxW9Zd7.ltrans0.ltrans.o
 .bss.maxval.7019
                0x0000000020001263        0x1 /tmp/ccxW9Zd7.ltrans0.ltrans.o
 .bss.mouse_report
                0x0000000020001264        0x6 /tmp/ccxW9Zd7.ltrans0.ltrans.o
 .bss.mousekey_accel
                0x000000002000126a        0x1 /tmp/ccxW9Zd7.ltrans0.ltrans.o
 .bss.mousekey_repeat
                0x000000002000126b        0x1 /tmp/ccxW9Zd7.ltrans0.ltrans.o
 .bss.mousekey_wheel_repeat
                0x000000002000126c        0x1 /tmp/ccxW9Zd7.ltrans0.ltrans.o
 *fill*         0x000000002000126d        0x3 
 .bss.ms_offset
                0x0000000020001270        0x4 /tmp/ccxW9Zd7.ltrans0.ltrans.o
 .bss.next_wpm  0x0000000020001274        0x1 /tmp/ccxW9Zd7.ltrans0.ltrans.o
 .bss.oled_active
                0x0000000020001275        0x1 /tmp/ccxW9Zd7.ltrans0.ltrans.o
 .bss.oled_buffer
                0x0000000020001276      0x200 /tmp/ccxW9Zd7.ltrans0.ltrans.o
 *fill*         0x0000000020001476        0x2 
 .bss.oled_cursor
                0x0000000020001478        0x4 /tmp/ccxW9Zd7.ltrans0.ltrans.o
 .bss.oled_dirty
                0x000000002000147c        0x2 /tmp/ccxW9Zd7.ltrans0.ltrans.o
 .bss.oled_initialized
                0x000000002000147e        0x1 /tmp/ccxW9Zd7.ltrans0.ltrans.o
 .bss.oled_rotation
                0x000000002000147f        0x1 /tmp/ccxW9Zd7.ltrans0.ltrans.o
 .bss.oled_rotation_width
                0x0000000020001480        0x1 /tmp/ccxW9Zd7.ltrans0.ltrans.o
 .bss.oled_scrolling
                0x0000000020001481        0x1 /tmp/ccxW9Zd7.ltrans0.ltrans.o
 .bss.oled_temp_buffer.5055
                0x0000000020001482        0x6 /tmp/ccxW9Zd7.ltrans0.ltrans.o
 .bss.oled_timeout
                0x0000000020001488        0x4 /tmp/ccxW9Zd7.ltrans0.ltrans.o
 .bss.oled_update_timeout
                0x000000002000148c        0x2 /tmp/ccxW9Zd7.ltrans0.ltrans.o
 .bss.oneshot_layer_data
                0x000000002000148e        0x1 /tmp/ccxW9Zd7.ltrans0.ltrans.o
 .bss.oneshot_mods
                0x000000002000148f        0x1 /tmp/ccxW9Zd7.ltrans0.ltrans.o
 .bss.period_presses
                0x0000000020001490       0x32 /tmp/ccxW9Zd7.ltrans0.ltrans.o
 .bss.pos.6974  0x00000000200014c2        0x1 /tmp/ccxW9Zd7.ltrans0.ltrans.o
 .bss.pre_suspend_enabled
                0x00000000200014c3        0x1 /tmp/ccxW9Zd7.ltrans0.ltrans.o
 .bss.prev_wpm  0x00000000200014c4        0x1 /tmp/ccxW9Zd7.ltrans0.ltrans.o
 .bss.raw_matrix
                0x00000000200014c5        0xa /tmp/ccxW9Zd7.ltrans0.ltrans.o
 .bss.real_mods
                0x00000000200014cf        0x1 /tmp/ccxW9Zd7.ltrans0.ltrans.o
 .bss.report_last_timer.6949
                0x00000000200014d0        0x2 /tmp/ccxW9Zd7.ltrans0.ltrans.o
 *fill*         0x00000000200014d2        0x2 
 .bss.rgblight_config
                0x00000000200014d4        0x8 /tmp/ccxW9Zd7.ltrans0.ltrans.o
 .bss.rgblight_layers
                0x00000000200014dc        0x4 /tmp/ccxW9Zd7.ltrans0.ltrans.o
 .bss.rgblight_status
                0x00000000200014e0        0x4 /tmp/ccxW9Zd7.ltrans0.ltrans.o
 .bss.sc_last   0x00000000200014e4        0x1 /tmp/ccxW9Zd7.ltrans0.ltrans.o
 *fill*         0x00000000200014e5        0x1 
 .bss.sc_timer  0x00000000200014e6        0x2 /tmp/ccxW9Zd7.ltrans0.ltrans.o
 .bss.set_report_buf
                0x00000000200014e8        0x2 /tmp/ccxW9Zd7.ltrans0.ltrans.o
 *fill*         0x00000000200014ea        0x2 
 .bss.shared_ep_state
                0x00000000200014ec       0x20 /tmp/ccxW9Zd7.ltrans0.ltrans.o
 .bss.shared_memory
                0x000000002000150c       0x18 /tmp/ccxW9Zd7.ltrans0.ltrans.o
 .bss.smoothing_timer
                0x0000000020001524        0x4 /tmp/ccxW9Zd7.ltrans0.ltrans.o
 .bss.source_layers_cache
                0x0000000020001528       0x20 /tmp/ccxW9Zd7.ltrans0.ltrans.o
 .bss.st_callbacks
                0x0000000020001548       0x10 /tmp/ccxW9Zd7.ltrans0.ltrans.o
 .bss.swap_hands
                0x0000000020001558        0x1 /tmp/ccxW9Zd7.ltrans0.ltrans.o
 .bss.swap_hands_oneshot
                0x0000000020001559        0x1 /tmp/ccxW9Zd7.ltrans0.ltrans.o
 .bss.swap_held
                0x000000002000155a        0x1 /tmp/ccxW9Zd7.ltrans0.ltrans.o
 *fill*         0x000000002000155b        0x1 
 .bss.sync_timer_ms
                0x000000002000155c        0x4 /tmp/ccxW9Zd7.ltrans0.ltrans.o
 .bss.tapping_key
                0x0000000020001560        0x8 /tmp/ccxW9Zd7.ltrans0.ltrans.o
 .bss.temp_buffer.5025
                0x0000000020001568       0x20 /tmp/ccxW9Zd7.ltrans0.ltrans.o
 .bss.thatCount
                0x0000000020001588        0x1 /tmp/ccxW9Zd7.ltrans0.ltrans.o
 .bss.thatHand  0x0000000020001589        0x1 /tmp/ccxW9Zd7.ltrans0.ltrans.o
 .bss.thatHand.lto_priv.166
                0x000000002000158a        0x1 /tmp/ccxW9Zd7.ltrans0.ltrans.o
 .bss.thisCount
                0x000000002000158b        0x1 /tmp/ccxW9Zd7.ltrans0.ltrans.o
 .bss.thisHand  0x000000002000158c        0x1 /tmp/ccxW9Zd7.ltrans0.ltrans.o
 .bss.thisHand.lto_priv.165